Archive member included to satisfy reference by file (symbol)

c:/nxp/mcuxpressoide_11.9.0_2144/ide/plugins/com.nxp.mcuxpresso.tools.win32_11.9.0.202307121226/tools/bin/../lib/gcc/arm-none-eabi/12.3.1/../../../../arm-none-eabi/lib/thumb/v7e-m+fp/hard\libcr_nohost_nf.a(_cr__main.o)
                              ./startup/startup_mk66f18.o (__main)
c:/nxp/mcuxpressoide_11.9.0_2144/ide/plugins/com.nxp.mcuxpresso.tools.win32_11.9.0.202307121226/tools/bin/../lib/gcc/arm-none-eabi/12.3.1/../../../../arm-none-eabi/lib/thumb/v7e-m+fp/hard\libcr_c.a(memcpy.o)
                              ./utilities/fsl_str.o (memcpy)
c:/nxp/mcuxpressoide_11.9.0_2144/ide/plugins/com.nxp.mcuxpresso.tools.win32_11.9.0.202307121226/tools/bin/../lib/gcc/arm-none-eabi/12.3.1/../../../../arm-none-eabi/lib/thumb/v7e-m+fp/hard\libcr_c.a(memset.o)
                              ./utilities/fsl_debug_console.o (memset)
c:/nxp/mcuxpressoide_11.9.0_2144/ide/plugins/com.nxp.mcuxpresso.tools.win32_11.9.0.202307121226/tools/bin/../lib/gcc/arm-none-eabi/12.3.1/../../../../arm-none-eabi/lib/thumb/v7e-m+fp/hard\libcr_c.a(alloc.o)
                              ./drivers/fsl_common.o (malloc)
c:/nxp/mcuxpressoide_11.9.0_2144/ide/plugins/com.nxp.mcuxpresso.tools.win32_11.9.0.202307121226/tools/bin/../lib/gcc/arm-none-eabi/12.3.1/../../../../arm-none-eabi/lib/thumb/v7e-m+fp/hard\libcr_c.a(errno.o)
                              ./utilities/fsl_str.o (errno)
c:/nxp/mcuxpressoide_11.9.0_2144/ide/plugins/com.nxp.mcuxpresso.tools.win32_11.9.0.202307121226/tools/bin/../lib/gcc/arm-none-eabi/12.3.1/../../../../arm-none-eabi/lib/thumb/v7e-m+fp/hard\libcr_c.a(initio.o)
                              c:/nxp/mcuxpressoide_11.9.0_2144/ide/plugins/com.nxp.mcuxpresso.tools.win32_11.9.0.202307121226/tools/bin/../lib/gcc/arm-none-eabi/12.3.1/../../../../arm-none-eabi/lib/thumb/v7e-m+fp/hard\libcr_nohost_nf.a(_cr__main.o) (_initio)
c:/nxp/mcuxpressoide_11.9.0_2144/ide/plugins/com.nxp.mcuxpresso.tools.win32_11.9.0.202307121226/tools/bin/../lib/gcc/arm-none-eabi/12.3.1/../../../../arm-none-eabi/lib/thumb/v7e-m+fp/hard\libcr_c.a(printf.o)
                              ./freertos/freertos_kernel/tasks.o (_sprintf)
c:/nxp/mcuxpressoide_11.9.0_2144/ide/plugins/com.nxp.mcuxpresso.tools.win32_11.9.0.202307121226/tools/bin/../lib/gcc/arm-none-eabi/12.3.1/../../../../arm-none-eabi/lib/thumb/v7e-m+fp/hard\libcr_c.a(scanf.o)
                              ./utilities/fsl_str.o (strtoul)
c:/nxp/mcuxpressoide_11.9.0_2144/ide/plugins/com.nxp.mcuxpresso.tools.win32_11.9.0.202307121226/tools/bin/../lib/gcc/arm-none-eabi/12.3.1/../../../../arm-none-eabi/lib/thumb/v7e-m+fp/hard\libcr_c.a(setvbuf.o)
                              c:/nxp/mcuxpressoide_11.9.0_2144/ide/plugins/com.nxp.mcuxpresso.tools.win32_11.9.0.202307121226/tools/bin/../lib/gcc/arm-none-eabi/12.3.1/../../../../arm-none-eabi/lib/thumb/v7e-m+fp/hard\libcr_c.a(initio.o) (setvbuf)
c:/nxp/mcuxpressoide_11.9.0_2144/ide/plugins/com.nxp.mcuxpresso.tools.win32_11.9.0.202307121226/tools/bin/../lib/gcc/arm-none-eabi/12.3.1/../../../../arm-none-eabi/lib/thumb/v7e-m+fp/hard\libcr_c.a(strcpy.o)
                              ./freertos/freertos_kernel/tasks.o (strcpy)
c:/nxp/mcuxpressoide_11.9.0_2144/ide/plugins/com.nxp.mcuxpresso.tools.win32_11.9.0.202307121226/tools/bin/../lib/gcc/arm-none-eabi/12.3.1/../../../../arm-none-eabi/lib/thumb/v7e-m+fp/hard\libcr_c.a(strlen.o)
                              ./utilities/fsl_str.o (strlen)
c:/nxp/mcuxpressoide_11.9.0_2144/ide/plugins/com.nxp.mcuxpresso.tools.win32_11.9.0.202307121226/tools/bin/../lib/gcc/arm-none-eabi/12.3.1/../../../../arm-none-eabi/lib/thumb/v7e-m+fp/hard\libcr_c.a(ungetc.o)
                              c:/nxp/mcuxpressoide_11.9.0_2144/ide/plugins/com.nxp.mcuxpresso.tools.win32_11.9.0.202307121226/tools/bin/../lib/gcc/arm-none-eabi/12.3.1/../../../../arm-none-eabi/lib/thumb/v7e-m+fp/hard\libcr_c.a(scanf.o) (ungetc)
c:/nxp/mcuxpressoide_11.9.0_2144/ide/plugins/com.nxp.mcuxpresso.tools.win32_11.9.0.202307121226/tools/bin/../lib/gcc/arm-none-eabi/12.3.1/../../../../arm-none-eabi/lib/thumb/v7e-m+fp/hard\libcr_c.a(__fillbuf.o)
                              c:/nxp/mcuxpressoide_11.9.0_2144/ide/plugins/com.nxp.mcuxpresso.tools.win32_11.9.0.202307121226/tools/bin/../lib/gcc/arm-none-eabi/12.3.1/../../../../arm-none-eabi/lib/thumb/v7e-m+fp/hard\libcr_c.a(scanf.o) (__filbuf)
c:/nxp/mcuxpressoide_11.9.0_2144/ide/plugins/com.nxp.mcuxpresso.tools.win32_11.9.0.202307121226/tools/bin/../lib/gcc/arm-none-eabi/12.3.1/../../../../arm-none-eabi/lib/thumb/v7e-m+fp/hard\libcr_c.a(__init_alloc.o)
                              c:/nxp/mcuxpressoide_11.9.0_2144/ide/plugins/com.nxp.mcuxpresso.tools.win32_11.9.0.202307121226/tools/bin/../lib/gcc/arm-none-eabi/12.3.1/../../../../arm-none-eabi/lib/thumb/v7e-m+fp/hard\libcr_c.a(alloc.o) (__heaps)
[...]
Memory Configuration

Name             Origin             Length             Attributes
PROGRAM_FLASH    0x00000000         0x00200000         xr
SRAM_UPPER       0x20000000         0x00030000         xrw
SRAM_LOWER       0x1fff0000         0x00010000         xrw
FLEX_RAM         0x14000000         0x00001000         xrw
*default*        0x00000000         0xffffffff

Linker script and memory map

LOAD ./utilities/fsl_assert.o
LOAD ./utilities/fsl_debug_console.o
LOAD ./utilities/fsl_str.o
LOAD ./usb/phy/usb_phy.o
LOAD ./usb/device/source/khci/usb_device_khci.o
LOAD ./usb/device/source/ehci/usb_device_ehci.o
LOAD ./usb/device/source/usb_device_ch9.o
LOAD ./usb/device/source/usb_device_dci.o
LOAD ./usb/device/class/hid/usb_device_hid.o
LOAD ./usb/device/class/usb_device_class.o
LOAD ./startup/startup_mk66f18.o
LOAD ./source/GPIO.o
LOAD ./source/NVIC.o
LOAD ./source/mouse.o
LOAD ./source/semihost_hardfault.o
LOAD ./source/usb_device_descriptor.o
LOAD ./freertos/freertos_kernel/portable/MemMang/heap_4.o
LOAD ./freertos/freertos_kernel/portable/GCC/ARM_CM4F/port.o
LOAD ./freertos/freertos_kernel/croutine.o
LOAD ./freertos/freertos_kernel/event_groups.o
LOAD ./freertos/freertos_kernel/list.o
LOAD ./freertos/freertos_kernel/queue.o
LOAD ./freertos/freertos_kernel/stream_buffer.o
LOAD ./freertos/freertos_kernel/tasks.o
LOAD ./freertos/freertos_kernel/timers.o
LOAD ./drivers/fsl_clock.o
LOAD ./drivers/fsl_common.o
LOAD ./drivers/fsl_common_arm.o
LOAD ./drivers/fsl_gpio.o
LOAD ./drivers/fsl_lpuart.o
LOAD ./drivers/fsl_smc.o
LOAD ./drivers/fsl_sysmpu.o
LOAD ./drivers/fsl_uart.o
LOAD ./device/system_MK66F18.o
LOAD ./component/uart/fsl_adapter_uart.o
LOAD ./component/serial_manager/fsl_component_serial_manager.o
LOAD ./component/serial_manager/fsl_component_serial_port_uart.o
LOAD ./component/osa/fsl_os_abstraction_free_rtos.o
LOAD ./component/lists/fsl_component_generic_list.o
LOAD ./board/board.o
LOAD ./board/clock_config.o
LOAD ./board/pin_mux.o
START GROUP
LOAD c:/nxp/mcuxpressoide_11.9.0_2144/ide/plugins/com.nxp.mcuxpresso.tools.win32_11.9.0.202307121226/tools/bin/../lib/gcc/arm-none-eabi/12.3.1/../../../../arm-none-eabi/lib/thumb/v7e-m+fp/hard\libcr_nohost_nf.a
LOAD c:/nxp/mcuxpressoide_11.9.0_2144/ide/plugins/com.nxp.mcuxpresso.tools.win32_11.9.0.202307121226/tools/bin/../lib/gcc/arm-none-eabi/12.3.1/../../../../arm-none-eabi/lib/thumb/v7e-m+fp/hard\libcr_c.a
LOAD c:/nxp/mcuxpressoide_11.9.0_2144/ide/plugins/com.nxp.mcuxpresso.tools.win32_11.9.0.202307121226/tools/bin/../lib/gcc/arm-none-eabi/12.3.1/thumb/v7e-m+fp/hard\libcr_eabihelpers.a
LOAD c:/nxp/mcuxpressoide_11.9.0_2144/ide/plugins/com.nxp.mcuxpresso.tools.win32_11.9.0.202307121226/tools/bin/../lib/gcc/arm-none-eabi/12.3.1/thumb/v7e-m+fp/hard\libgcc.a
END GROUP
                0x00000000                        __base_PROGRAM_FLASH = 0x0
                0x00000000                        __base_Flash = 0x0
                0x00200000                        __top_PROGRAM_FLASH = 0x200000
                0x00200000                        __top_Flash = 0x200000
                0x20000000                        __base_SRAM_UPPER = 0x20000000
                0x20000000                        __base_RAM = 0x20000000
                0x20030000                        __top_SRAM_UPPER = 0x20030000
                0x20030000                        __top_RAM = 0x20030000
                0x1fff0000                        __base_SRAM_LOWER = 0x1fff0000
                0x1fff0000                        __base_RAM2 = 0x1fff0000
                0x20000000                        __top_SRAM_LOWER = 0x20000000
                0x20000000                        __top_RAM2 = 0x20000000
                0x14000000                        __base_FLEX_RAM = 0x14000000
                0x14000000                        __base_RAM3 = 0x14000000
                0x14001000                        __top_FLEX_RAM = 0x14001000
                0x14001000                        __top_RAM3 = 0x14001000

.text           0x00000000     0xa9f8
 FILL mask 0xff
                0x00000000                        __vectors_start__ = ABSOLUTE (.)
 *(SORT_BY_ALIGNMENT(.isr_vector))
 .isr_vector    0x00000000      0x1d0 ./startup/startup_mk66f18.o
                0x00000000                g_pfnVectors
                0x00000000                __Vectors
                0x000001d0                        . = ALIGN (0x4)
                0x000001d0                        __section_table_start = .
                0x000001d0                        __data_section_table = .
                0x000001d0        0x4 LONG 0xa9f8 LOADADDR (.data)
                0x000001d4        0x4 LONG 0x20000000 ADDR (.data)
                0x000001d8        0x4 LONG 0x150 SIZEOF (.data)
                0x000001dc        0x4 LONG 0xa9f8 LOADADDR (.data_RAM2)
                0x000001e0        0x4 LONG 0x1fff0000 ADDR (.data_RAM2)
                0x000001e4        0x4 LONG 0x0 SIZEOF (.data_RAM2)
                0x000001e8        0x4 LONG 0xa9f8 LOADADDR (.data_RAM3)
                0x000001ec        0x4 LONG 0x14000000 ADDR (.data_RAM3)
                0x000001f0        0x4 LONG 0x0 SIZEOF (.data_RAM3)
                0x000001f4                        __data_section_table_end = .
                0x000001f4                        __bss_section_table = .
                0x000001f4        0x4 LONG 0x20000800 ADDR (.bss)
                0x000001f8        0x4 LONG 0x24e0 SIZEOF (.bss)
                0x000001fc        0x4 LONG 0x1fff0000 ADDR (.bss_RAM2)
                0x00000200        0x4 LONG 0x0 SIZEOF (.bss_RAM2)
                0x00000204        0x4 LONG 0x14000000 ADDR (.bss_RAM3)
                0x00000208        0x4 LONG 0x0 SIZEOF (.bss_RAM3)
                0x0000020c                        __bss_section_table_end = .
                0x0000020c                        __section_table_end = .
 *(SORT_BY_ALIGNMENT(.after_vectors*))
 .after_vectors.reset
                0x0000020c       0x4c ./startup/startup_mk66f18.o
                0x0000020c                ResetISR
 .after_vectors.init_data
                0x00000258       0x1e ./startup/startup_mk66f18.o
                0x00000258                data_init
 .after_vectors.init_bss
                0x00000276       0x12 ./startup/startup_mk66f18.o
                0x00000276                bss_init
 .after_vectors
                0x00000288       0x14 ./startup/startup_mk66f18.o
                0x00000288                NMI_Handler
                0x0000028c                MemManage_Handler
                0x0000028e                BusFault_Handler
                0x00000290                UsageFault_Handler
                0x00000294                DebugMon_Handler
                0x0000029a                DMA_Error_DriverIRQHandler
                0x0000029a                LPTMR0_DriverIRQHandler
                0x0000029a                FTM1_DriverIRQHandler
                0x0000029a                FTM2_DriverIRQHandler
                0x0000029a                PIT2_DriverIRQHandler
                0x0000029a                TPM2_DriverIRQHandler
                0x0000029a                SDHC_DriverIRQHandler
                0x0000029a                DMA7_DMA23_DriverIRQHandler
                0x0000029a                I2C3_DriverIRQHandler
                0x0000029a                I2S0_Tx_DriverIRQHandler
                0x0000029a                TSI0_DriverIRQHandler
                0x0000029a                RTC_Seconds_DriverIRQHandler
                0x0000029a                CMP3_DriverIRQHandler
                0x0000029a                LLWU_DriverIRQHandler
                0x0000029a                MCM_DriverIRQHandler
                0x0000029a                DMA14_DMA30_DriverIRQHandler
                0x0000029a                MCG_DriverIRQHandler
                0x0000029a                ENET_1588_Timer_DriverIRQHandler
                0x0000029a                I2C2_DriverIRQHandler
                0x0000029a                DAC1_DriverIRQHandler
                0x0000029a                SPI1_DriverIRQHandler
                0x0000029a                CMP1_DriverIRQHandler
                0x0000029a                USBHSDCD_DriverIRQHandler
                0x0000029a                DMA0_DMA16_DriverIRQHandler
                0x0000029a                FTM0_DriverIRQHandler
                0x0000029a                IntDefaultHandler
                0x0000029a                USB0_DriverIRQHandler
                0x0000029a                PORTC_DriverIRQHandler
                0x0000029a                DMA2_DMA18_DriverIRQHandler
                0x0000029a                DAC0_DriverIRQHandler
                0x0000029a                CMP2_DriverIRQHandler
                0x0000029a                UART2_ERR_DriverIRQHandler
                0x0000029a                SPI2_DriverIRQHandler
                0x0000029a                LVD_LVW_DriverIRQHandler
                0x0000029a                Reserved84_DriverIRQHandler
                0x0000029a                PORTB_DriverIRQHandler
                0x0000029a                RNG_DriverIRQHandler
                0x0000029a                USBDCD_DriverIRQHandler
                0x0000029a                UART3_ERR_DriverIRQHandler
                0x0000029a                DMA12_DMA28_DriverIRQHandler
                0x0000029a                DMA10_DMA26_DriverIRQHandler
                0x0000029a                UART0_ERR_DriverIRQHandler
                0x0000029a                CMT_DriverIRQHandler
                0x0000029a                Reserved71_DriverIRQHandler
                0x0000029a                ADC1_DriverIRQHandler
                0x0000029a                PORTA_DriverIRQHandler
                0x0000029a                DMA1_DMA17_DriverIRQHandler
                0x0000029a                PIT3_DriverIRQHandler
                0x0000029a                PIT1_DriverIRQHandler
                0x0000029a                TPM1_DriverIRQHandler
                0x0000029a                WDOG_EWM_DriverIRQHandler
                0x0000029a                PDB0_DriverIRQHandler
                0x0000029a                DMA8_DMA24_DriverIRQHandler
                0x0000029a                DMA6_DMA22_DriverIRQHandler
                0x0000029a                RTC_DriverIRQHandler
                0x0000029a                I2S0_Rx_DriverIRQHandler
                0x0000029a                Read_Collision_DriverIRQHandler
                0x0000029a                SWI_DriverIRQHandler
                0x0000029a                UART4_ERR_DriverIRQHandler
                0x0000029a                DMA13_DMA29_DriverIRQHandler
                0x0000029a                DMA11_DMA27_DriverIRQHandler
                0x0000029a                DMA4_DMA20_DriverIRQHandler
                0x0000029a                DMA9_DMA25_DriverIRQHandler
                0x0000029a                I2C1_DriverIRQHandler
                0x0000029a                ENET_Receive_DriverIRQHandler
                0x0000029a                DMA3_DMA19_DriverIRQHandler
                0x0000029a                ENET_Error_DriverIRQHandler
                0x0000029a                Reserved85_DriverIRQHandler
                0x0000029a                SPI0_DriverIRQHandler
                0x0000029a                ADC0_DriverIRQHandler
                0x0000029a                USBHS_DriverIRQHandler
                0x0000029a                CMP0_DriverIRQHandler
                0x0000029a                CAN0_DriverIRQHandler
                0x0000029a                FTM3_DriverIRQHandler
                0x0000029a                DMA5_DMA21_DriverIRQHandler
                0x0000029a                PIT0_DriverIRQHandler
                0x0000029a                DMA15_DMA31_DriverIRQHandler
                0x0000029a                UART1_ERR_DriverIRQHandler
                0x0000029a                ENET_Transmit_DriverIRQHandler
                0x0000029a                PORTD_DriverIRQHandler
                0x0000029a                Reserved46_DriverIRQHandler
                0x0000029a                PORTE_DriverIRQHandler
                0x0000029a                FTFE_DriverIRQHandler
                0x0000029a                I2C0_DriverIRQHandler
                0x0000029a                CAN1_DriverIRQHandler
                0x00000400                        . = 0x400
 *fill*         0x0000029c      0x164 ff
                0x00000400                        PROVIDE (__FLASH_CONFIG_START__ = .)
 *(SORT_BY_ALIGNMENT(.FlashConfig))
 .FlashConfig   0x00000400       0x10 ./startup/startup_mk66f18.o
                0x00000400                Flash_Config
                0x00000410                        PROVIDE (__FLASH_CONFIG_END__ = .)
                0x00000001                        ASSERT (! ((__FLASH_CONFIG_START__ == __FLASH_CONFIG_END__)), Linker Flash Config Support Enabled, but no .FlashConfig section provided within application)
 *(SORT_BY_ALIGNMENT(.text*))
 .text.SVC_Handler
                0x00000410       0x28 ./freertos/freertos_kernel/portable/GCC/ARM_CM4F/port.o
                0x00000410                SVC_Handler
 *fill*         0x00000438        0x8 ff
 .text.PendSV_Handler
                0x00000440       0x68 ./freertos/freertos_kernel/portable/GCC/ARM_CM4F/port.o
                0x00000440                PendSV_Handler
 .text.__assertion_failed
                0x000004a8       0x18 ./utilities/fsl_assert.o
                0x000004a8                __assertion_failed
 .text.DbgConsole_SendDataReliable
                0x000004c0       0x54 ./utilities/fsl_debug_console.o
                0x000004c0                DbgConsole_SendDataReliable
 .text.DbgConsole_Init
                0x00000514      0x118 ./utilities/fsl_debug_console.o
                0x00000514                DbgConsole_Init
 .text.DbgConsole_Vprintf
                0x0000062c       0x6c ./utilities/fsl_debug_console.o
                0x0000062c                DbgConsole_Vprintf
 .text.USB_EhciPhyGetBase
                0x00000698       0xcc ./usb/phy/usb_phy.o
                0x00000698                USB_EhciPhyGetBase
 .text.USB_DeviceEhciTransfer
                0x00000764      0x3bc ./usb/device/source/ehci/usb_device_ehci.o
 .text.USB_EhciGetValidEhciState
                0x00000b20       0x58 ./usb/device/source/ehci/usb_device_ehci.o
 .text.USB_DeviceEhciInit
                0x00000b78      0x110 ./usb/device/source/ehci/usb_device_ehci.o
                0x00000b78                USB_DeviceEhciInit
 .text.USB_DeviceEhciDeinit
                0x00000c88       0x8c ./usb/device/source/ehci/usb_device_ehci.o
                0x00000c88                USB_DeviceEhciDeinit
 .text.USB_DeviceEhciControl
                0x00000d14      0x298 ./usb/device/source/ehci/usb_device_ehci.o
                0x00000d14                USB_DeviceEhciControl
 .text.USB_DeviceControlCallback
                0x00000fac      0x3e4 ./usb/device/source/usb_device_ch9.o
 .text.USB_DeviceControlPipeInit
                0x00001390       0x7c ./usb/device/source/usb_device_ch9.o
                0x00001390                USB_DeviceControlPipeInit
 .text.USB_DeviceAllocateHandle
                0x0000140c       0xd4 ./usb/device/source/usb_device_dci.o
 .text.USB_DeviceGetControllerInterface
                0x000014e0       0x3c ./usb/device/source/usb_device_dci.o
 .text.USB_DeviceGetStatus
                0x0000151c       0xcc ./usb/device/source/usb_device_dci.o
                0x0000151c                USB_DeviceGetStatus
 .text.USB_DeviceSetStatus
                0x000015e8      0x118 ./usb/device/source/usb_device_dci.o
                0x000015e8                USB_DeviceSetStatus
 .text.USB_DeviceHidAllocateHandle
                0x00001700       0x58 ./usb/device/class/hid/usb_device_hid.o
 .text.USB_DeviceHidEndpointsInit
                0x00001758      0x1f8 ./usb/device/class/hid/usb_device_hid.o
 .text.USB_DeviceHidEvent
                0x00001950      0x5d4 ./usb/device/class/hid/usb_device_hid.o
                0x00001950                USB_DeviceHidEvent
 .text.USB_DeviceClassAllocateHandle
                0x00001f24       0xcc ./usb/device/class/usb_device_class.o
 .text.USB_DeviceClassFreeHandle
                0x00001ff0       0x94 ./usb/device/class/usb_device_class.o
 .text.USB_DeviceClassGetHandleByControllerId
                0x00002084       0x7c ./usb/device/class/usb_device_class.o
 .text.USB_DeviceClassGetHandleByDeviceHandle
                0x00002100       0x68 ./usb/device/class/usb_device_class.o
 .text.USB_DeviceClassGetDeviceHandle
                0x00002168       0x7c ./usb/device/class/usb_device_class.o
                0x00002168                USB_DeviceClassGetDeviceHandle
 .text.USB_DeviceClassEvent
                0x000021e4       0xdc ./usb/device/class/usb_device_class.o
                0x000021e4                USB_DeviceClassEvent
 .text.USB_DeviceClassInit
                0x000022c0      0x118 ./usb/device/class/usb_device_class.o
                0x000022c0                USB_DeviceClassInit
 .text.PORT_SetPinConfig
                0x000023d8       0x38 ./source/GPIO.o
 .text.GPIO_init
                0x00002410      0x14c ./source/GPIO.o
                0x00002410                GPIO_init
 .text.PORTA_IRQHandler
                0x0000255c       0x28 ./source/GPIO.o
                0x0000255c                PORTA_IRQHandler
 .text.PORTD_IRQHandler
                0x00002584       0x28 ./source/GPIO.o
                0x00002584                PORTD_IRQHandler
 .text.GPIO_callback_init
                0x000025ac       0x34 ./source/GPIO.o
                0x000025ac                GPIO_callback_init
 .text.__NVIC_EnableIRQ
                0x000025e0       0x3c ./source/NVIC.o
 .text.__NVIC_SetPriority
                0x0000261c       0x54 ./source/NVIC.o
 .text.__NVIC_EnableIRQ
                0x00002670       0x3c ./source/mouse.o
 .text.__NVIC_SetPriority
                0x000026ac       0x54 ./source/mouse.o
 .text.CLOCK_SetSimSafeDivs
                0x00002700       0x24 ./source/mouse.o
 .text.vApplicationGetTimerTaskMemory
                0x00002724       0x34 ./source/mouse.o
                0x00002724                vApplicationGetTimerTaskMemory
 .text.vApplicationGetIdleTaskMemory
                0x00002758       0x34 ./source/mouse.o
                0x00002758                vApplicationGetIdleTaskMemory
 .text.USBHS_IRQHandler
                0x0000278c       0x1c ./source/mouse.o
                0x0000278c                USBHS_IRQHandler
 .text.USB_DeviceClockInit
                0x000027a8       0x44 ./source/mouse.o
                0x000027a8                USB_DeviceClockInit
 .text.USB_DeviceHidMouseAction
                0x000027ec      0x18c ./source/mouse.o
 .text.USB_DeviceHidMouseCallback
                0x00002978       0xa8 ./source/mouse.o
 .text.USB_DeviceCallback
                0x00002a20      0x22c ./source/mouse.o
 .text.USB_DeviceApplicationInit
                0x00002c4c       0x8c ./source/mouse.o
 .text.main     0x00002cd8       0xa4 ./source/mouse.o
                0x00002cd8                main
 .text.Callback_SW2
                0x00002d7c       0x18 ./source/mouse.o
                0x00002d7c                Callback_SW2
 .text.Callback_SW3
                0x00002d94       0x18 ./source/mouse.o
                0x00002d94                Callback_SW3
 .text.USB_DeviceGetDeviceDescriptor
                0x00002dac       0x28 ./source/usb_device_descriptor.o
                0x00002dac                USB_DeviceGetDeviceDescriptor
 .text.USB_DeviceGetConfigurationDescriptor
                0x00002dd4       0x34 ./source/usb_device_descriptor.o
                0x00002dd4                USB_DeviceGetConfigurationDescriptor
 .text.USB_DeviceGetStringDescriptor
                0x00002e08       0xc0 ./source/usb_device_descriptor.o
                0x00002e08                USB_DeviceGetStringDescriptor
 .text.USB_DeviceGetHidDescriptor
                0x00002ec8       0x34 ./source/usb_device_descriptor.o
                0x00002ec8                USB_DeviceGetHidDescriptor
 .text.USB_DeviceGetHidReportDescriptor
                0x00002efc       0x34 ./source/usb_device_descriptor.o
                0x00002efc                USB_DeviceGetHidReportDescriptor
 .text.USB_DeviceSetSpeed
                0x00002f30      0x13c ./source/usb_device_descriptor.o
                0x00002f30                USB_DeviceSetSpeed
 .text.vPortFree
                0x0000306c       0xc4 ./freertos/freertos_kernel/portable/MemMang/heap_4.o
                0x0000306c                vPortFree
 .text.prvInsertBlockIntoFreeList
                0x00003130       0xb4 ./freertos/freertos_kernel/portable/MemMang/heap_4.o
 .text.pxPortInitialiseStack
                0x000031e4       0x68 ./freertos/freertos_kernel/portable/GCC/ARM_CM4F/port.o
                0x000031e4                pxPortInitialiseStack
 .text.prvTaskExitError
                0x0000324c       0x58 ./freertos/freertos_kernel/portable/GCC/ARM_CM4F/port.o
 .text.prvPortStartFirstTask
                0x000032a4       0x2c ./freertos/freertos_kernel/portable/GCC/ARM_CM4F/port.o
 .text.xPortStartScheduler
                0x000032d0      0x144 ./freertos/freertos_kernel/portable/GCC/ARM_CM4F/port.o
                0x000032d0                xPortStartScheduler
 .text.vPortEnterCritical
                0x00003414       0x60 ./freertos/freertos_kernel/portable/GCC/ARM_CM4F/port.o
                0x00003414                vPortEnterCritical
 .text.vPortExitCritical
                0x00003474       0x54 ./freertos/freertos_kernel/portable/GCC/ARM_CM4F/port.o
                0x00003474                vPortExitCritical
 .text.SysTick_Handler
                0x000034c8       0x44 ./freertos/freertos_kernel/portable/GCC/ARM_CM4F/port.o
                0x000034c8                SysTick_Handler
 .text.vPortSetupTimerInterrupt
                0x0000350c       0x48 ./freertos/freertos_kernel/portable/GCC/ARM_CM4F/port.o
                0x0000350c                vPortSetupTimerInterrupt
 .text.vPortEnableVFP
                0x00003554       0x18 ./freertos/freertos_kernel/portable/GCC/ARM_CM4F/port.o
 .text.vPortValidateInterruptPriority
                0x0000356c       0x80 ./freertos/freertos_kernel/portable/GCC/ARM_CM4F/port.o
                0x0000356c                vPortValidateInterruptPriority
 .text.xQueueGenericReset
                0x000035ec       0xd0 ./freertos/freertos_kernel/queue.o
                0x000035ec                xQueueGenericReset
 .text.xQueueGenericSend
                0x000036bc      0x1fc ./freertos/freertos_kernel/queue.o
                0x000036bc                xQueueGenericSend
 .text.xQueueReceive
                0x000038b8      0x1c0 ./freertos/freertos_kernel/queue.o
                0x000038b8                xQueueReceive
 .text.vQueueAddToRegistry
                0x00003a78       0x54 ./freertos/freertos_kernel/queue.o
                0x00003a78                vQueueAddToRegistry
 .text.prvAddNewTaskToReadyList
                0x00003acc       0xdc ./freertos/freertos_kernel/tasks.o
 .text.vTaskStartScheduler
                0x00003ba8       0xd4 ./freertos/freertos_kernel/tasks.o
                0x00003ba8                vTaskStartScheduler
 .text.vTaskSuspendAll
                0x00003c7c       0x1c ./freertos/freertos_kernel/tasks.o
                0x00003c7c                vTaskSuspendAll
 .text.xTaskResumeAll
                0x00003c98      0x138 ./freertos/freertos_kernel/tasks.o
                0x00003c98                xTaskResumeAll
 .text.xTaskGetTickCount
                0x00003dd0       0x20 ./freertos/freertos_kernel/tasks.o
                0x00003dd0                xTaskGetTickCount
 .text.xTaskIncrementTick
                0x00003df0      0x170 ./freertos/freertos_kernel/tasks.o
                0x00003df0                xTaskIncrementTick
 .text.vTaskSwitchContext
                0x00003f60       0xb8 ./freertos/freertos_kernel/tasks.o
                0x00003f60                vTaskSwitchContext
 .text.vTaskPlaceOnEventList
                0x00004018       0x48 ./freertos/freertos_kernel/tasks.o
                0x00004018                vTaskPlaceOnEventList
 .text.vTaskPlaceOnEventListRestricted
                0x00004060       0x58 ./freertos/freertos_kernel/tasks.o
                0x00004060                vTaskPlaceOnEventListRestricted
 .text.xTaskRemoveFromEventList
                0x000040b8       0xc4 ./freertos/freertos_kernel/tasks.o
                0x000040b8                xTaskRemoveFromEventList
 .text.vTaskInternalSetTimeOutState
                0x0000417c       0x2c ./freertos/freertos_kernel/tasks.o
                0x0000417c                vTaskInternalSetTimeOutState
 .text.xTaskCheckForTimeOut
                0x000041a8       0xcc ./freertos/freertos_kernel/tasks.o
                0x000041a8                xTaskCheckForTimeOut
 .text.vTaskMissedYield
                0x00004274       0x18 ./freertos/freertos_kernel/tasks.o
                0x00004274                vTaskMissedYield
 .text.prvIdleTask
                0x0000428c       0x30 ./freertos/freertos_kernel/tasks.o
 .text.prvInitialiseTaskLists
                0x000042bc       0x80 ./freertos/freertos_kernel/tasks.o
 .text.prvCheckTasksWaitingTermination
                0x0000433c       0x5c ./freertos/freertos_kernel/tasks.o
 .text.prvResetNextTaskUnblockTime
                0x00004398       0x38 ./freertos/freertos_kernel/tasks.o
 .text.xTaskGetSchedulerState
                0x000043d0       0x3c ./freertos/freertos_kernel/tasks.o
                0x000043d0                xTaskGetSchedulerState
 .text.xTaskPriorityDisinherit
                0x0000440c       0xf4 ./freertos/freertos_kernel/tasks.o
                0x0000440c                xTaskPriorityDisinherit
 .text.prvAddCurrentTaskToDelayedList
                0x00004500       0xcc ./freertos/freertos_kernel/tasks.o
 .text.xTimerCreateTimerTask
                0x000045cc       0x90 ./freertos/freertos_kernel/timers.o
                0x000045cc                xTimerCreateTimerTask
 .text.xTimerGenericCommand
                0x0000465c       0x9c ./freertos/freertos_kernel/timers.o
                0x0000465c                xTimerGenericCommand
 .text.prvProcessExpiredTimer
                0x000046f8       0x98 ./freertos/freertos_kernel/timers.o
 .text.prvProcessTimerOrBlockTask
                0x00004790       0x9c ./freertos/freertos_kernel/timers.o
 .text.prvGetNextExpireTime
                0x0000482c       0x48 ./freertos/freertos_kernel/timers.o
 .text.prvSampleTimeNow
                0x00004874       0x40 ./freertos/freertos_kernel/timers.o
 .text.prvInsertTimerInActiveList
                0x000048b4       0x84 ./freertos/freertos_kernel/timers.o
 .text.prvProcessReceivedCommands
                0x00004938      0x1c4 ./freertos/freertos_kernel/timers.o
 .text.prvSwitchTimerLists
                0x00004afc       0xc8 ./freertos/freertos_kernel/timers.o
 .text.prvCheckForValidListAndQueue
                0x00004bc4       0x80 ./freertos/freertos_kernel/timers.o
 .text.CLOCK_SetEr32kClock
                0x00004c44       0x30 ./drivers/fsl_clock.o
 .text.CLOCK_SetPllFllSelClock
                0x00004c74       0x54 ./drivers/fsl_clock.o
 .text.CLOCK_GetMcgExtClkFreq
                0x00004cc8       0x7c ./drivers/fsl_clock.o
 .text.CLOCK_GetFllExtRefClkFreq
                0x00004d44       0xb0 ./drivers/fsl_clock.o
 .text.CLOCK_GetInternalRefClkSelectFreq
                0x00004df4       0x4c ./drivers/fsl_clock.o
 .text.CLOCK_GetFllRefClkFreq
                0x00004e40       0x34 ./drivers/fsl_clock.o
 .text.CLOCK_GetOscRangeFromFreq
                0x00004e74       0x3c ./drivers/fsl_clock.o
 .text.CLOCK_GetCoreSysClkFreq
                0x00004eb0       0x28 ./drivers/fsl_clock.o
                0x00004eb0                CLOCK_GetCoreSysClkFreq
 .text.CLOCK_SetSimConfig
                0x00004ed8       0x40 ./drivers/fsl_clock.o
                0x00004ed8                CLOCK_SetSimConfig
 .text.CLOCK_EnableUsbhs0Clock
                0x00004f18       0x5c ./drivers/fsl_clock.o
                0x00004f18                CLOCK_EnableUsbhs0Clock
 .text.CLOCK_EnableUsbhs0PhyPllClock
                0x00004f74      0x148 ./drivers/fsl_clock.o
                0x00004f74                CLOCK_EnableUsbhs0PhyPllClock
 .text.CLOCK_GetOutClkFreq
                0x000050bc       0x90 ./drivers/fsl_clock.o
                0x000050bc                CLOCK_GetOutClkFreq
 .text.CLOCK_GetFllFreq
                0x0000514c       0x84 ./drivers/fsl_clock.o
                0x0000514c                CLOCK_GetFllFreq
 .text.CLOCK_GetPll0Freq
                0x000051d0       0x7c ./drivers/fsl_clock.o
                0x000051d0                CLOCK_GetPll0Freq
 .text.CLOCK_GetExtPllFreq
                0x0000524c       0x18 ./drivers/fsl_clock.o
                0x0000524c                CLOCK_GetExtPllFreq
 .text.CLOCK_SetExternalRefClkConfig
                0x00005264       0x6c ./drivers/fsl_clock.o
                0x00005264                CLOCK_SetExternalRefClkConfig
 .text.CLOCK_SetInternalRefClkConfig
                0x000052d0      0x104 ./drivers/fsl_clock.o
                0x000052d0                CLOCK_SetInternalRefClkConfig
 .text.CLOCK_EnablePll0
                0x000053d4       0x88 ./drivers/fsl_clock.o
                0x000053d4                CLOCK_EnablePll0
 .text.CLOCK_InitOsc0
                0x0000545c       0x8c ./drivers/fsl_clock.o
                0x0000545c                CLOCK_InitOsc0
 .text.CLOCK_SetPbeMode
                0x000054e8       0xe8 ./drivers/fsl_clock.o
                0x000054e8                CLOCK_SetPbeMode
 .text.CLOCK_BootToPeeMode
                0x000055d0       0x68 ./drivers/fsl_clock.o
                0x000055d0                CLOCK_BootToPeeMode
 .text.SDK_DelayAtLeastUs
                0x00005638       0x8c ./drivers/fsl_common_arm.o
                0x00005638                SDK_DelayAtLeastUs
 .text.GPIO_GetInstance
                0x000056c4       0x4c ./drivers/fsl_gpio.o
 .text.GPIO_PinInit
                0x00005710       0x64 ./drivers/fsl_gpio.o
                0x00005710                GPIO_PinInit
 .text.GPIO_PortClearInterruptFlags
                0x00005774       0x34 ./drivers/fsl_gpio.o
                0x00005774                GPIO_PortClearInterruptFlags
 .text.LPUART0_DriverIRQHandler
                0x000057a8       0x28 ./drivers/fsl_lpuart.o
                0x000057a8                LPUART0_DriverIRQHandler
 .text.UART_GetInstance
                0x000057d0       0x54 ./drivers/fsl_uart.o
                0x000057d0                UART_GetInstance
 .text.UART_Init
                0x00005824      0x2f4 ./drivers/fsl_uart.o
                0x00005824                UART_Init
 .text.UART_GetDefaultConfig
                0x00005b18       0x68 ./drivers/fsl_uart.o
                0x00005b18                UART_GetDefaultConfig
 .text.UART0_DriverIRQHandler
                0x00005b80       0x28 ./drivers/fsl_uart.o
                0x00005b80                UART0_DriverIRQHandler
 .text.UART1_DriverIRQHandler
                0x00005ba8       0x28 ./drivers/fsl_uart.o
                0x00005ba8                UART1_DriverIRQHandler
 .text.UART2_DriverIRQHandler
                0x00005bd0       0x28 ./drivers/fsl_uart.o
                0x00005bd0                UART2_DriverIRQHandler
 .text.UART3_DriverIRQHandler
                0x00005bf8       0x28 ./drivers/fsl_uart.o
                0x00005bf8                UART3_DriverIRQHandler
 .text.UART4_DriverIRQHandler
                0x00005c20       0x28 ./drivers/fsl_uart.o
                0x00005c20                UART4_DriverIRQHandler
 .text.SystemInit
                0x00005c48       0x3c ./device/system_MK66F18.o
                0x00005c48                SystemInit
 .text.HAL_UartInit
                0x00005c84      0x128 ./component/uart/fsl_adapter_uart.o
                0x00005c84                HAL_UartInit
 .text.HAL_UartSendBlocking
                0x00005dac       0x64 ./component/uart/fsl_adapter_uart.o
                0x00005dac                HAL_UartSendBlocking
 .text.CLOCK_SetSimSafeDivs
                0x00005e10       0x24 ./board/clock_config.o
 .text.CLOCK_SetXtal0Freq
                0x00005e34       0x20 ./board/clock_config.o
 .text.CLOCK_CONFIG_SetFllExtRefDiv
                0x00005e54       0x3c ./board/clock_config.o
 .text.BOARD_BootClockRUN
                0x00005e90       0x60 ./board/clock_config.o
                0x00005e90                BOARD_BootClockRUN
 .text.BOARD_InitPins
                0x00005ef0       0x44 ./board/pin_mux.o
                0x00005ef0                BOARD_InitPins
 .text._initio  0x00005f34       0x78 c:/nxp/mcuxpressoide_11.9.0_2144/ide/plugins/com.nxp.mcuxpresso.tools.win32_11.9.0.202307121226/tools/bin/../lib/gcc/arm-none-eabi/12.3.1/../../../../arm-none-eabi/lib/thumb/v7e-m+fp/hard\libcr_c.a(initio.o)
                0x00005f34                _initio
 .text._Cwritebuf
                0x00005fac       0x6c c:/nxp/mcuxpressoide_11.9.0_2144/ide/plugins/com.nxp.mcuxpresso.tools.win32_11.9.0.202307121226/tools/bin/../lib/gcc/arm-none-eabi/12.3.1/../../../../arm-none-eabi/lib/thumb/v7e-m+fp/hard\libcr_c.a(_writebuf.o)
                0x00005fac                _Cwritebuf
 .text.fflush   0x00006018       0x3c c:/nxp/mcuxpressoide_11.9.0_2144/ide/plugins/com.nxp.mcuxpresso.tools.win32_11.9.0.202307121226/tools/bin/../lib/gcc/arm-none-eabi/12.3.1/../../../../arm-none-eabi/lib/thumb/v7e-m+fp/hard\libcr_c.a(fflush.o)
                0x00006018                fflush
 .text.fseek    0x00006054       0xf8 c:/nxp/mcuxpressoide_11.9.0_2144/ide/plugins/com.nxp.mcuxpresso.tools.win32_11.9.0.202307121226/tools/bin/../lib/gcc/arm-none-eabi/12.3.1/../../../../arm-none-eabi/lib/thumb/v7e-m+fp/hard\libcr_c.a(fseek.o)
                0x00006054                fseek
 .text.ftell    0x0000614c       0x44 c:/nxp/mcuxpressoide_11.9.0_2144/ide/plugins/com.nxp.mcuxpresso.tools.win32_11.9.0.202307121226/tools/bin/../lib/gcc/arm-none-eabi/12.3.1/../../../../arm-none-eabi/lib/thumb/v7e-m+fp/hard\libcr_c.a(ftell.o)
                0x0000614c                ftell
 .text.DbgConsole_PrintCallback
                0x00006190       0x66 ./utilities/fsl_debug_console.o
 .text.DbgConsole_Printf
                0x000061f6       0x2c ./utilities/fsl_debug_console.o
                0x000061f6                DbgConsole_Printf
 .text.PrintGetWidth
                0x00006222       0x6a ./utilities/fsl_str.o
 .text.PrintGetPrecision
                0x0000628c       0x8c ./utilities/fsl_str.o
 .text.PrintIsobpu
                0x00006318       0x38 ./utilities/fsl_str.o
 .text.PrintIsdi
                0x00006350       0x2c ./utilities/fsl_str.o
 .text.PrintOutputdifFobpu
                0x0000637c       0x44 ./utilities/fsl_str.o
 .text.PrintOutputxX
                0x000063c0       0x44 ./utilities/fsl_str.o
 .text.PrintIsfF
                0x00006404       0x2c ./utilities/fsl_str.o
 .text.PrintIsxX
                0x00006430       0x2c ./utilities/fsl_str.o
 .text.PrintFilterLengthFlag
                0x0000645c       0x3e ./utilities/fsl_str.o
 .text.PrintGetRadixFromobpu
                0x0000649a       0x40 ./utilities/fsl_str.o
 .text.ConvertRadixNumToString
                0x000064da       0xc2 ./utilities/fsl_str.o
 .text.StrFormatPrintf
                0x0000659c      0x2ac ./utilities/fsl_str.o
                0x0000659c                StrFormatPrintf
 .text.USB_EhciPhyInit
                0x00006848       0xb2 ./usb/phy/usb_phy.o
                0x00006848                USB_EhciPhyInit
 .text.USB_DeviceEhciSetDefaultState
                0x000068fa      0x132 ./usb/device/source/ehci/usb_device_ehci.o
 .text.USB_DeviceEhciEndpointInit
                0x00006a2c      0x204 ./usb/device/source/ehci/usb_device_ehci.o
 .text.USB_DeviceEhciEndpointDeinit
                0x00006c30       0xf6 ./usb/device/source/ehci/usb_device_ehci.o
 .text.USB_DeviceEhciEndpointStall
                0x00006d26       0x8a ./usb/device/source/ehci/usb_device_ehci.o
 .text.USB_DeviceEhciEndpointUnstall
                0x00006db0       0xba ./usb/device/source/ehci/usb_device_ehci.o
 .text.USB_DeviceEhciFillSetupBuffer
                0x00006e6a       0xa6 ./usb/device/source/ehci/usb_device_ehci.o
 .text.USB_DeviceEhciCancelControlPipe
                0x00006f10      0x18e ./usb/device/source/ehci/usb_device_ehci.o
 .text.USB_DeviceEhciInterruptTokenDone
                0x0000709e      0x42a ./usb/device/source/ehci/usb_device_ehci.o
 .text.USB_DeviceEhciInterruptPortChange
                0x000074c8       0x74 ./usb/device/source/ehci/usb_device_ehci.o
 .text.USB_DeviceEhciInterruptReset
                0x0000753c       0x92 ./usb/device/source/ehci/usb_device_ehci.o
 .text.USB_DeviceEhciInterruptSof
                0x000075ce       0x14 ./usb/device/source/ehci/usb_device_ehci.o
 .text.USB_DeviceEhciSend
                0x000075e2       0x32 ./usb/device/source/ehci/usb_device_ehci.o
                0x000075e2                USB_DeviceEhciSend
 .text.USB_DeviceEhciRecv
                0x00007614       0x2c ./usb/device/source/ehci/usb_device_ehci.o
                0x00007614                USB_DeviceEhciRecv
 .text.USB_DeviceEhciCancel
                0x00007640      0x230 ./usb/device/source/ehci/usb_device_ehci.o
                0x00007640                USB_DeviceEhciCancel
 .text.USB_DeviceEhciIsrFunction
                0x00007870       0x84 ./usb/device/source/ehci/usb_device_ehci.o
                0x00007870                USB_DeviceEhciIsrFunction
 .text.USB_DeviceCh9GetStatus
                0x000078f4      0x10a ./usb/device/source/usb_device_ch9.o
 .text.USB_DeviceCh9SetClearFeature
                0x000079fe      0x10c ./usb/device/source/usb_device_ch9.o
 .text.USB_DeviceCh9SetAddress
                0x00007b0a       0xca ./usb/device/source/usb_device_ch9.o
 .text.USB_DeviceCh9GetDescriptor
                0x00007bd4      0x1f6 ./usb/device/source/usb_device_ch9.o
 .text.USB_DeviceCh9GetConfiguration
                0x00007dca       0x8e ./usb/device/source/usb_device_ch9.o
 .text.USB_DeviceCh9SetConfiguration
                0x00007e58       0xb6 ./usb/device/source/usb_device_ch9.o
 .text.USB_DeviceCh9GetInterface
                0x00007f0e       0x9c ./usb/device/source/usb_device_ch9.o
 .text.USB_DeviceCh9SetInterface
                0x00007faa       0x90 ./usb/device/source/usb_device_ch9.o
 .text.USB_DeviceCh9SynchFrame
                0x0000803a       0x90 ./usb/device/source/usb_device_ch9.o
 .text.USB_DeviceControlCallbackFeedback
                0x000080ca       0x96 ./usb/device/source/usb_device_ch9.o
 .text.USB_DeviceFreeHandle
                0x00008160       0x36 ./usb/device/source/usb_device_dci.o
 .text.USB_DeviceTransfer
                0x00008196      0x10e ./usb/device/source/usb_device_dci.o
 .text.USB_DeviceControl
                0x000082a4       0x48 ./usb/device/source/usb_device_dci.o
 .text.USB_DeviceResetNotification
                0x000082ec       0x98 ./usb/device/source/usb_device_dci.o
 .text.USB_DeviceNotification
                0x00008384      0x102 ./usb/device/source/usb_device_dci.o
 .text.USB_DeviceNotificationTrigger
                0x00008486       0x40 ./usb/device/source/usb_device_dci.o
                0x00008486                USB_DeviceNotificationTrigger
 .text.USB_DeviceInit
                0x000084c6      0x166 ./usb/device/source/usb_device_dci.o
                0x000084c6                USB_DeviceInit
 .text.USB_DeviceRun
                0x0000862c       0x1c ./usb/device/source/usb_device_dci.o
                0x0000862c                USB_DeviceRun
 .text.USB_DeviceDeinit
                0x00008648       0x42 ./usb/device/source/usb_device_dci.o
                0x00008648                USB_DeviceDeinit
 .text.USB_DeviceSendRequest
                0x0000868a       0x32 ./usb/device/source/usb_device_dci.o
                0x0000868a                USB_DeviceSendRequest
 .text.USB_DeviceRecvRequest
                0x000086bc       0x2c ./usb/device/source/usb_device_dci.o
                0x000086bc                USB_DeviceRecvRequest
 .text.USB_DeviceInitEndpoint
                0x000086e8       0xbe ./usb/device/source/usb_device_dci.o
                0x000086e8                USB_DeviceInitEndpoint
 .text.USB_DeviceDeinitEndpoint
                0x000087a6       0xac ./usb/device/source/usb_device_dci.o
                0x000087a6                USB_DeviceDeinitEndpoint
 .text.USB_DeviceStallEndpoint
                0x00008852       0x30 ./usb/device/source/usb_device_dci.o
                0x00008852                USB_DeviceStallEndpoint
 .text.USB_DeviceUnstallEndpoint
                0x00008882       0x30 ./usb/device/source/usb_device_dci.o
                0x00008882                USB_DeviceUnstallEndpoint
 .text.USB_DeviceHidFreeHandle
                0x000088b2       0x2e ./usb/device/class/hid/usb_device_hid.o
 .text.USB_DeviceHidInterruptIn
                0x000088e0       0x54 ./usb/device/class/hid/usb_device_hid.o
 .text.USB_DeviceHidInterruptOut
                0x00008934       0x54 ./usb/device/class/hid/usb_device_hid.o
 .text.USB_DeviceHidEndpointsDeinit
                0x00008988       0x64 ./usb/device/class/hid/usb_device_hid.o
 .text.USB_DeviceHidInit
                0x000089ec       0x70 ./usb/device/class/hid/usb_device_hid.o
                0x000089ec                USB_DeviceHidInit
 .text.USB_DeviceHidDeinit
                0x00008a5c       0x30 ./usb/device/class/hid/usb_device_hid.o
                0x00008a5c                USB_DeviceHidDeinit
 .text.USB_DeviceHidSend
                0x00008a8c       0x7c ./usb/device/class/hid/usb_device_hid.o
                0x00008a8c                USB_DeviceHidSend
 .text.USB_DeviceClassCallback
                0x00008b08       0x5e ./usb/device/class/usb_device_class.o
                0x00008b08                USB_DeviceClassCallback
 .text.USB_DeviceClassGetSpeed
                0x00008b66       0x44 ./usb/device/class/usb_device_class.o
                0x00008b66                USB_DeviceClassGetSpeed
 .text.DMA0_DMA16_IRQHandler
                0x00008baa        0x8 ./startup/startup_mk66f18.o
                0x00008baa                DMA0_DMA16_IRQHandler
 .text.DMA1_DMA17_IRQHandler
                0x00008bb2        0x8 ./startup/startup_mk66f18.o
                0x00008bb2                DMA1_DMA17_IRQHandler
 .text.DMA2_DMA18_IRQHandler
                0x00008bba        0x8 ./startup/startup_mk66f18.o
                0x00008bba                DMA2_DMA18_IRQHandler
 .text.DMA3_DMA19_IRQHandler
                0x00008bc2        0x8 ./startup/startup_mk66f18.o
                0x00008bc2                DMA3_DMA19_IRQHandler
 .text.DMA4_DMA20_IRQHandler
                0x00008bca        0x8 ./startup/startup_mk66f18.o
                0x00008bca                DMA4_DMA20_IRQHandler
 .text.DMA5_DMA21_IRQHandler
                0x00008bd2        0x8 ./startup/startup_mk66f18.o
                0x00008bd2                DMA5_DMA21_IRQHandler
 .text.DMA6_DMA22_IRQHandler
                0x00008bda        0x8 ./startup/startup_mk66f18.o
                0x00008bda                DMA6_DMA22_IRQHandler
 .text.DMA7_DMA23_IRQHandler
                0x00008be2        0x8 ./startup/startup_mk66f18.o
                0x00008be2                DMA7_DMA23_IRQHandler
 .text.DMA8_DMA24_IRQHandler
                0x00008bea        0x8 ./startup/startup_mk66f18.o
                0x00008bea                DMA8_DMA24_IRQHandler
 .text.DMA9_DMA25_IRQHandler
                0x00008bf2        0x8 ./startup/startup_mk66f18.o
                0x00008bf2                DMA9_DMA25_IRQHandler
 .text.DMA10_DMA26_IRQHandler
                0x00008bfa        0x8 ./startup/startup_mk66f18.o
                0x00008bfa                DMA10_DMA26_IRQHandler
 .text.DMA11_DMA27_IRQHandler
                0x00008c02        0x8 ./startup/startup_mk66f18.o
                0x00008c02                DMA11_DMA27_IRQHandler
 .text.DMA12_DMA28_IRQHandler
                0x00008c0a        0x8 ./startup/startup_mk66f18.o
                0x00008c0a                DMA12_DMA28_IRQHandler
 .text.DMA13_DMA29_IRQHandler
                0x00008c12        0x8 ./startup/startup_mk66f18.o
                0x00008c12                DMA13_DMA29_IRQHandler
 .text.DMA14_DMA30_IRQHandler
                0x00008c1a        0x8 ./startup/startup_mk66f18.o
                0x00008c1a                DMA14_DMA30_IRQHandler
 .text.DMA15_DMA31_IRQHandler
                0x00008c22        0x8 ./startup/startup_mk66f18.o
                0x00008c22                DMA15_DMA31_IRQHandler
 .text.DMA_Error_IRQHandler
                0x00008c2a        0x8 ./startup/startup_mk66f18.o
                0x00008c2a                DMA_Error_IRQHandler
 .text.MCM_IRQHandler
                0x00008c32        0x8 ./startup/startup_mk66f18.o
                0x00008c32                MCM_IRQHandler
 .text.FTFE_IRQHandler
                0x00008c3a        0x8 ./startup/startup_mk66f18.o
                0x00008c3a                FTFE_IRQHandler
 .text.Read_Collision_IRQHandler
                0x00008c42        0x8 ./startup/startup_mk66f18.o
                0x00008c42                Read_Collision_IRQHandler
 .text.LVD_LVW_IRQHandler
                0x00008c4a        0x8 ./startup/startup_mk66f18.o
                0x00008c4a                LVD_LVW_IRQHandler
 .text.LLWU_IRQHandler
                0x00008c52        0x8 ./startup/startup_mk66f18.o
                0x00008c52                LLWU_IRQHandler
 .text.WDOG_EWM_IRQHandler
                0x00008c5a        0x8 ./startup/startup_mk66f18.o
                0x00008c5a                WDOG_EWM_IRQHandler
 .text.RNG_IRQHandler
                0x00008c62        0x8 ./startup/startup_mk66f18.o
                0x00008c62                RNG_IRQHandler
 .text.I2C0_IRQHandler
                0x00008c6a        0x8 ./startup/startup_mk66f18.o
                0x00008c6a                I2C0_IRQHandler
 .text.I2C1_IRQHandler
                0x00008c72        0x8 ./startup/startup_mk66f18.o
                0x00008c72                I2C1_IRQHandler
 .text.SPI0_IRQHandler
                0x00008c7a        0x8 ./startup/startup_mk66f18.o
                0x00008c7a                SPI0_IRQHandler
 .text.SPI1_IRQHandler
                0x00008c82        0x8 ./startup/startup_mk66f18.o
                0x00008c82                SPI1_IRQHandler
 .text.I2S0_Tx_IRQHandler
                0x00008c8a        0x8 ./startup/startup_mk66f18.o
                0x00008c8a                I2S0_Tx_IRQHandler
 .text.I2S0_Rx_IRQHandler
                0x00008c92        0x8 ./startup/startup_mk66f18.o
                0x00008c92                I2S0_Rx_IRQHandler
 .text.Reserved46_IRQHandler
                0x00008c9a        0x8 ./startup/startup_mk66f18.o
                0x00008c9a                Reserved46_IRQHandler
 .text.UART0_RX_TX_IRQHandler
                0x00008ca2        0x8 ./startup/startup_mk66f18.o
                0x00008ca2                UART0_RX_TX_IRQHandler
 .text.UART0_ERR_IRQHandler
                0x00008caa        0x8 ./startup/startup_mk66f18.o
                0x00008caa                UART0_ERR_IRQHandler
 .text.UART1_RX_TX_IRQHandler
                0x00008cb2        0x8 ./startup/startup_mk66f18.o
                0x00008cb2                UART1_RX_TX_IRQHandler
 .text.UART1_ERR_IRQHandler
                0x00008cba        0x8 ./startup/startup_mk66f18.o
                0x00008cba                UART1_ERR_IRQHandler
 .text.UART2_RX_TX_IRQHandler
                0x00008cc2        0x8 ./startup/startup_mk66f18.o
                0x00008cc2                UART2_RX_TX_IRQHandler
 .text.UART2_ERR_IRQHandler
                0x00008cca        0x8 ./startup/startup_mk66f18.o
                0x00008cca                UART2_ERR_IRQHandler
 .text.UART3_RX_TX_IRQHandler
                0x00008cd2        0x8 ./startup/startup_mk66f18.o
                0x00008cd2                UART3_RX_TX_IRQHandler
 .text.UART3_ERR_IRQHandler
                0x00008cda        0x8 ./startup/startup_mk66f18.o
                0x00008cda                UART3_ERR_IRQHandler
 .text.ADC0_IRQHandler
                0x00008ce2        0x8 ./startup/startup_mk66f18.o
                0x00008ce2                ADC0_IRQHandler
 .text.CMP0_IRQHandler
                0x00008cea        0x8 ./startup/startup_mk66f18.o
                0x00008cea                CMP0_IRQHandler
 .text.CMP1_IRQHandler
                0x00008cf2        0x8 ./startup/startup_mk66f18.o
                0x00008cf2                CMP1_IRQHandler
 .text.FTM0_IRQHandler
                0x00008cfa        0x8 ./startup/startup_mk66f18.o
                0x00008cfa                FTM0_IRQHandler
 .text.FTM1_IRQHandler
                0x00008d02        0x8 ./startup/startup_mk66f18.o
                0x00008d02                FTM1_IRQHandler
 .text.FTM2_IRQHandler
                0x00008d0a        0x8 ./startup/startup_mk66f18.o
                0x00008d0a                FTM2_IRQHandler
 .text.CMT_IRQHandler
                0x00008d12        0x8 ./startup/startup_mk66f18.o
                0x00008d12                CMT_IRQHandler
 .text.RTC_IRQHandler
                0x00008d1a        0x8 ./startup/startup_mk66f18.o
                0x00008d1a                RTC_IRQHandler
 .text.RTC_Seconds_IRQHandler
                0x00008d22        0x8 ./startup/startup_mk66f18.o
                0x00008d22                RTC_Seconds_IRQHandler
 .text.PIT0_IRQHandler
                0x00008d2a        0x8 ./startup/startup_mk66f18.o
                0x00008d2a                PIT0_IRQHandler
 .text.PIT1_IRQHandler
                0x00008d32        0x8 ./startup/startup_mk66f18.o
                0x00008d32                PIT1_IRQHandler
 .text.PIT2_IRQHandler
                0x00008d3a        0x8 ./startup/startup_mk66f18.o
                0x00008d3a                PIT2_IRQHandler
 .text.PIT3_IRQHandler
                0x00008d42        0x8 ./startup/startup_mk66f18.o
                0x00008d42                PIT3_IRQHandler
 .text.PDB0_IRQHandler
                0x00008d4a        0x8 ./startup/startup_mk66f18.o
                0x00008d4a                PDB0_IRQHandler
 .text.USB0_IRQHandler
                0x00008d52        0x8 ./startup/startup_mk66f18.o
                0x00008d52                USB0_IRQHandler
 .text.USBDCD_IRQHandler
                0x00008d5a        0x8 ./startup/startup_mk66f18.o
                0x00008d5a                USBDCD_IRQHandler
 .text.Reserved71_IRQHandler
                0x00008d62        0x8 ./startup/startup_mk66f18.o
                0x00008d62                Reserved71_IRQHandler
 .text.DAC0_IRQHandler
                0x00008d6a        0x8 ./startup/startup_mk66f18.o
                0x00008d6a                DAC0_IRQHandler
 .text.MCG_IRQHandler
                0x00008d72        0x8 ./startup/startup_mk66f18.o
                0x00008d72                MCG_IRQHandler
 .text.LPTMR0_IRQHandler
                0x00008d7a        0x8 ./startup/startup_mk66f18.o
                0x00008d7a                LPTMR0_IRQHandler
 .text.PORTB_IRQHandler
                0x00008d82        0x8 ./startup/startup_mk66f18.o
                0x00008d82                PORTB_IRQHandler
 .text.PORTC_IRQHandler
                0x00008d8a        0x8 ./startup/startup_mk66f18.o
                0x00008d8a                PORTC_IRQHandler
 .text.PORTE_IRQHandler
                0x00008d92        0x8 ./startup/startup_mk66f18.o
                0x00008d92                PORTE_IRQHandler
 .text.SWI_IRQHandler
                0x00008d9a        0x8 ./startup/startup_mk66f18.o
                0x00008d9a                SWI_IRQHandler
 .text.SPI2_IRQHandler
                0x00008da2        0x8 ./startup/startup_mk66f18.o
                0x00008da2                SPI2_IRQHandler
 .text.UART4_RX_TX_IRQHandler
                0x00008daa        0x8 ./startup/startup_mk66f18.o
                0x00008daa                UART4_RX_TX_IRQHandler
 .text.UART4_ERR_IRQHandler
                0x00008db2        0x8 ./startup/startup_mk66f18.o
                0x00008db2                UART4_ERR_IRQHandler
 .text.Reserved84_IRQHandler
                0x00008dba        0x8 ./startup/startup_mk66f18.o
                0x00008dba                Reserved84_IRQHandler
 .text.Reserved85_IRQHandler
                0x00008dc2        0x8 ./startup/startup_mk66f18.o
                0x00008dc2                Reserved85_IRQHandler
 .text.CMP2_IRQHandler
                0x00008dca        0x8 ./startup/startup_mk66f18.o
                0x00008dca                CMP2_IRQHandler
 .text.FTM3_IRQHandler
                0x00008dd2        0x8 ./startup/startup_mk66f18.o
                0x00008dd2                FTM3_IRQHandler
 .text.DAC1_IRQHandler
                0x00008dda        0x8 ./startup/startup_mk66f18.o
                0x00008dda                DAC1_IRQHandler
 .text.ADC1_IRQHandler
                0x00008de2        0x8 ./startup/startup_mk66f18.o
                0x00008de2                ADC1_IRQHandler
 .text.I2C2_IRQHandler
                0x00008dea        0x8 ./startup/startup_mk66f18.o
                0x00008dea                I2C2_IRQHandler
 .text.CAN0_ORed_Message_buffer_IRQHandler
                0x00008df2        0x8 ./startup/startup_mk66f18.o
                0x00008df2                CAN0_ORed_Message_buffer_IRQHandler
 .text.CAN0_Bus_Off_IRQHandler
                0x00008dfa        0x8 ./startup/startup_mk66f18.o
                0x00008dfa                CAN0_Bus_Off_IRQHandler
 .text.CAN0_Error_IRQHandler
                0x00008e02        0x8 ./startup/startup_mk66f18.o
                0x00008e02                CAN0_Error_IRQHandler
 .text.CAN0_Tx_Warning_IRQHandler
                0x00008e0a        0x8 ./startup/startup_mk66f18.o
                0x00008e0a                CAN0_Tx_Warning_IRQHandler
 .text.CAN0_Rx_Warning_IRQHandler
                0x00008e12        0x8 ./startup/startup_mk66f18.o
                0x00008e12                CAN0_Rx_Warning_IRQHandler
 .text.CAN0_Wake_Up_IRQHandler
                0x00008e1a        0x8 ./startup/startup_mk66f18.o
                0x00008e1a                CAN0_Wake_Up_IRQHandler
 .text.SDHC_IRQHandler
                0x00008e22        0x8 ./startup/startup_mk66f18.o
                0x00008e22                SDHC_IRQHandler
 .text.ENET_1588_Timer_IRQHandler
                0x00008e2a        0x8 ./startup/startup_mk66f18.o
                0x00008e2a                ENET_1588_Timer_IRQHandler
 .text.ENET_Transmit_IRQHandler
                0x00008e32        0x8 ./startup/startup_mk66f18.o
                0x00008e32                ENET_Transmit_IRQHandler
 .text.ENET_Receive_IRQHandler
                0x00008e3a        0x8 ./startup/startup_mk66f18.o
                0x00008e3a                ENET_Receive_IRQHandler
 .text.ENET_Error_IRQHandler
                0x00008e42        0x8 ./startup/startup_mk66f18.o
                0x00008e42                ENET_Error_IRQHandler
 .text.LPUART0_IRQHandler
                0x00008e4a        0x8 ./startup/startup_mk66f18.o
                0x00008e4a                LPUART0_IRQHandler
 .text.TSI0_IRQHandler
                0x00008e52        0x8 ./startup/startup_mk66f18.o
                0x00008e52                TSI0_IRQHandler
 .text.TPM1_IRQHandler
                0x00008e5a        0x8 ./startup/startup_mk66f18.o
                0x00008e5a                TPM1_IRQHandler
 .text.TPM2_IRQHandler
                0x00008e62        0x8 ./startup/startup_mk66f18.o
                0x00008e62                TPM2_IRQHandler
 .text.USBHSDCD_IRQHandler
                0x00008e6a        0x8 ./startup/startup_mk66f18.o
                0x00008e6a                USBHSDCD_IRQHandler
 .text.I2C3_IRQHandler
                0x00008e72        0x8 ./startup/startup_mk66f18.o
                0x00008e72                I2C3_IRQHandler
 .text.CMP3_IRQHandler
                0x00008e7a        0x8 ./startup/startup_mk66f18.o
                0x00008e7a                CMP3_IRQHandler
 .text.CAN1_ORed_Message_buffer_IRQHandler
                0x00008e82        0x8 ./startup/startup_mk66f18.o
                0x00008e82                CAN1_ORed_Message_buffer_IRQHandler
 .text.CAN1_Bus_Off_IRQHandler
                0x00008e8a        0x8 ./startup/startup_mk66f18.o
                0x00008e8a                CAN1_Bus_Off_IRQHandler
 .text.CAN1_Error_IRQHandler
                0x00008e92        0x8 ./startup/startup_mk66f18.o
                0x00008e92                CAN1_Error_IRQHandler
 .text.CAN1_Tx_Warning_IRQHandler
                0x00008e9a        0x8 ./startup/startup_mk66f18.o
                0x00008e9a                CAN1_Tx_Warning_IRQHandler
 .text.CAN1_Rx_Warning_IRQHandler
                0x00008ea2        0x8 ./startup/startup_mk66f18.o
                0x00008ea2                CAN1_Rx_Warning_IRQHandler
 .text.CAN1_Wake_Up_IRQHandler
                0x00008eaa        0x8 ./startup/startup_mk66f18.o
                0x00008eaa                CAN1_Wake_Up_IRQHandler
 .text.CLOCK_EnableClock
                0x00008eb2       0x34 ./source/GPIO.o
 .text.PORT_SetPinMux
                0x00008ee6       0x3a ./source/GPIO.o
 .text.PORT_SetPinInterruptConfig
                0x00008f20       0x3a ./source/GPIO.o
 .text.NVIC_enable_interrupt_and_priotity
                0x00008f5a       0x30 ./source/NVIC.o
                0x00008f5a                NVIC_enable_interrupt_and_priotity
 .text.NVIC_set_basepri_threshold
                0x00008f8a       0x24 ./source/NVIC.o
                0x00008f8a                NVIC_set_basepri_threshold
 .text.EnableIRQ
                0x00008fae       0x32 ./source/mouse.o
 .text.SYSMPU_Enable
                0x00008fe0       0x38 ./source/mouse.o
 .text.USB_DeviceIsrEnable
                0x00009018       0x2c ./source/mouse.o
                0x00009018                USB_DeviceIsrEnable
 .text.APP_task
                0x00009044        0xe ./source/mouse.o
                0x00009044                APP_task
 .text.HardFault_Handler
                0x00009052       0x36 ./source/semihost_hardfault.o
                0x00009052                HardFault_Handler
 .text.USB_DeviceGetHidPhysicalDescriptor
                0x00009088       0x18 ./source/usb_device_descriptor.o
                0x00009088                USB_DeviceGetHidPhysicalDescriptor
 .text.vListInitialise
                0x000090a0       0x40 ./freertos/freertos_kernel/list.o
                0x000090a0                vListInitialise
 .text.vListInitialiseItem
                0x000090e0       0x1a ./freertos/freertos_kernel/list.o
                0x000090e0                vListInitialiseItem
 .text.vListInsertEnd
                0x000090fa       0x48 ./freertos/freertos_kernel/list.o
                0x000090fa                vListInsertEnd
 .text.vListInsert
                0x00009142       0x72 ./freertos/freertos_kernel/list.o
                0x00009142                vListInsert
 .text.uxListRemove
                0x000091b4       0x54 ./freertos/freertos_kernel/list.o
                0x000091b4                uxListRemove
 .text.xQueueGenericCreateStatic
                0x00009208       0xf0 ./freertos/freertos_kernel/queue.o
                0x00009208                xQueueGenericCreateStatic
 .text.prvInitialiseNewQueue
                0x000092f8       0x46 ./freertos/freertos_kernel/queue.o
 .text.xQueueGenericSendFromISR
                0x0000933e      0x154 ./freertos/freertos_kernel/queue.o
                0x0000933e                xQueueGenericSendFromISR
 .text.prvCopyDataToQueue
                0x00009492       0xd4 ./freertos/freertos_kernel/queue.o
 .text.prvCopyDataFromQueue
                0x00009566       0x4c ./freertos/freertos_kernel/queue.o
 .text.prvUnlockQueue
                0x000095b2       0xa4 ./freertos/freertos_kernel/queue.o
 .text.prvIsQueueEmpty
                0x00009656       0x2c ./freertos/freertos_kernel/queue.o
 .text.prvIsQueueFull
                0x00009682       0x30 ./freertos/freertos_kernel/queue.o
 .text.vQueueWaitForMessageRestricted
                0x000096b2       0x68 ./freertos/freertos_kernel/queue.o
                0x000096b2                vQueueWaitForMessageRestricted
 .text.xTaskCreateStatic
                0x0000971a       0xba ./freertos/freertos_kernel/tasks.o
                0x0000971a                xTaskCreateStatic
 .text.prvInitialiseNewTask
                0x000097d4      0x13a ./freertos/freertos_kernel/tasks.o
 .text.prvDeleteTCB
                0x0000990e       0x5e ./freertos/freertos_kernel/tasks.o
 .text.prvTimerTask
                0x0000996c       0x24 ./freertos/freertos_kernel/timers.o
 .text.OSC_SetExtRefClkConfig
                0x00009990       0x40 ./drivers/fsl_clock.o
 .text.OSC_SetCapLoad
                0x000099d0       0x34 ./drivers/fsl_clock.o
 .text.CLOCK_GetPll0RefFreq
                0x00009a04        0xe ./drivers/fsl_clock.o
 .text.DelayLoop
                0x00009a12       0x20 ./drivers/fsl_common_arm.o
 .text.GPIO_PinWrite
                0x00009a32       0x36 ./drivers/fsl_gpio.o
 .text.CLOCK_EnableClock
                0x00009a68       0x34 ./drivers/fsl_uart.o
 .text.UART_WriteBlocking
                0x00009a9c       0x50 ./drivers/fsl_uart.o
                0x00009a9c                UART_WriteBlocking
 .text.UART0_RX_TX_DriverIRQHandler
                0x00009aec       0x12 ./drivers/fsl_uart.o
                0x00009aec                UART0_RX_TX_DriverIRQHandler
 .text.UART1_RX_TX_DriverIRQHandler
                0x00009afe       0x12 ./drivers/fsl_uart.o
                0x00009afe                UART1_RX_TX_DriverIRQHandler
 .text.UART2_RX_TX_DriverIRQHandler
                0x00009b10       0x12 ./drivers/fsl_uart.o
                0x00009b10                UART2_RX_TX_DriverIRQHandler
 .text.UART3_RX_TX_DriverIRQHandler
                0x00009b22       0x12 ./drivers/fsl_uart.o
                0x00009b22                UART3_RX_TX_DriverIRQHandler
 .text.UART4_RX_TX_DriverIRQHandler
                0x00009b34       0x12 ./drivers/fsl_uart.o
                0x00009b34                UART4_RX_TX_DriverIRQHandler
 .text.SystemInitHook
                0x00009b46        0xe ./device/system_MK66F18.o
                0x00009b46                SystemInitHook
 .text.HAL_UartGetStatus
                0x00009b54       0x22 ./component/uart/fsl_adapter_uart.o
 .text.DisableGlobalIRQ
                0x00009b76       0x22 ./component/serial_manager/fsl_component_serial_manager.o
 .text.EnableGlobalIRQ
                0x00009b98       0x20 ./component/serial_manager/fsl_component_serial_manager.o
 .text.SerialManager_StartWriting
                0x00009bb8       0x38 ./component/serial_manager/fsl_component_serial_manager.o
 .text.SerialManager_Write
                0x00009bf0       0x44 ./component/serial_manager/fsl_component_serial_manager.o
 .text.SerialManager_Init
                0x00009c34       0x60 ./component/serial_manager/fsl_component_serial_manager.o
                0x00009c34                SerialManager_Init
 .text.SerialManager_OpenWriteHandle
                0x00009c94       0x50 ./component/serial_manager/fsl_component_serial_manager.o
                0x00009c94                SerialManager_OpenWriteHandle
 .text.SerialManager_OpenReadHandle
                0x00009ce4       0x60 ./component/serial_manager/fsl_component_serial_manager.o
                0x00009ce4                SerialManager_OpenReadHandle
 .text.SerialManager_WriteBlocking
                0x00009d44       0x20 ./component/serial_manager/fsl_component_serial_manager.o
                0x00009d44                SerialManager_WriteBlocking
 .text.Serial_UartInit
                0x00009d64       0x3e ./component/serial_manager/fsl_component_serial_port_uart.o
                0x00009d64                Serial_UartInit
 .text.Serial_UartWrite
                0x00009da2       0x38 ./component/serial_manager/fsl_component_serial_port_uart.o
                0x00009da2                Serial_UartWrite
 .text.OSA_EnterCritical
                0x00009dda       0x40 ./component/osa/fsl_os_abstraction_free_rtos.o
                0x00009dda                OSA_EnterCritical
 .text.OSA_ExitCritical
                0x00009e1a       0x2e ./component/osa/fsl_os_abstraction_free_rtos.o
                0x00009e1a                OSA_ExitCritical
 .text.BOARD_InitDebugConsole
                0x00009e48       0x22 ./board/board.o
                0x00009e48                BOARD_InitDebugConsole
 .text.BOARD_InitBootClocks
                0x00009e6a        0xc ./board/clock_config.o
                0x00009e6a                BOARD_InitBootClocks
 .text.CLOCK_EnableClock
                0x00009e76       0x34 ./board/pin_mux.o
 .text.PORT_SetPinMux
                0x00009eaa       0x3a ./board/pin_mux.o
 .text.BOARD_InitBootPins
                0x00009ee4        0xc ./board/pin_mux.o
                0x00009ee4                BOARD_InitBootPins
 .text.__main   0x00009ef0        0xe c:/nxp/mcuxpressoide_11.9.0_2144/ide/plugins/com.nxp.mcuxpresso.tools.win32_11.9.0.202307121226/tools/bin/../lib/gcc/arm-none-eabi/12.3.1/../../../../arm-none-eabi/lib/thumb/v7e-m+fp/hard\libcr_nohost_nf.a(_cr__main.o)
                0x00009ef0                __main
 .text.memcpy   0x00009efe        0x4 c:/nxp/mcuxpressoide_11.9.0_2144/ide/plugins/com.nxp.mcuxpresso.tools.win32_11.9.0.202307121226/tools/bin/../lib/gcc/arm-none-eabi/12.3.1/../../../../arm-none-eabi/lib/thumb/v7e-m+fp/hard\libcr_c.a(memcpy.o)
                0x00009efe                memcpy
 .text.memset   0x00009f02        0x4 c:/nxp/mcuxpressoide_11.9.0_2144/ide/plugins/com.nxp.mcuxpresso.tools.win32_11.9.0.202307121226/tools/bin/../lib/gcc/arm-none-eabi/12.3.1/../../../../arm-none-eabi/lib/thumb/v7e-m+fp/hard\libcr_c.a(memset.o)
                0x00009f02                memset
 .text.free     0x00009f06       0x30 c:/nxp/mcuxpressoide_11.9.0_2144/ide/plugins/com.nxp.mcuxpresso.tools.win32_11.9.0.202307121226/tools/bin/../lib/gcc/arm-none-eabi/12.3.1/../../../../arm-none-eabi/lib/thumb/v7e-m+fp/hard\libcr_c.a(alloc.o)
                0x00009f06                free
 .text.setvbuf  0x00009f36       0x3e c:/nxp/mcuxpressoide_11.9.0_2144/ide/plugins/com.nxp.mcuxpresso.tools.win32_11.9.0.202307121226/tools/bin/../lib/gcc/arm-none-eabi/12.3.1/../../../../arm-none-eabi/lib/thumb/v7e-m+fp/hard\libcr_c.a(setvbuf.o)
                0x00009f36                setvbuf
 .text.strlen   0x00009f74       0x4e c:/nxp/mcuxpressoide_11.9.0_2144/ide/plugins/com.nxp.mcuxpresso.tools.win32_11.9.0.202307121226/tools/bin/../lib/gcc/arm-none-eabi/12.3.1/../../../../arm-none-eabi/lib/thumb/v7e-m+fp/hard\libcr_c.a(strlen.o)
                0x00009f74                strlen
 .text._deferredlazyseek
                0x00009fc2       0x40 c:/nxp/mcuxpressoide_11.9.0_2144/ide/plugins/com.nxp.mcuxpresso.tools.win32_11.9.0.202307121226/tools/bin/../lib/gcc/arm-none-eabi/12.3.1/../../../../arm-none-eabi/lib/thumb/v7e-m+fp/hard\libcr_c.a(_deferredlazyseek.o)
                0x00009fc2                _deferredlazyseek
 .text._fdopen  0x0000a002       0x68 c:/nxp/mcuxpressoide_11.9.0_2144/ide/plugins/com.nxp.mcuxpresso.tools.win32_11.9.0.202307121226/tools/bin/../lib/gcc/arm-none-eabi/12.3.1/../../../../arm-none-eabi/lib/thumb/v7e-m+fp/hard\libcr_c.a(_fdopen.o)
                0x0000a002                _fdopen
 .text._fflush  0x0000a06a       0x52 c:/nxp/mcuxpressoide_11.9.0_2144/ide/plugins/com.nxp.mcuxpresso.tools.win32_11.9.0.202307121226/tools/bin/../lib/gcc/arm-none-eabi/12.3.1/../../../../arm-none-eabi/lib/thumb/v7e-m+fp/hard\libcr_c.a(_fflush.o)
                0x0000a06a                _fflush
 .text.fclose   0x0000a0bc       0x58 c:/nxp/mcuxpressoide_11.9.0_2144/ide/plugins/com.nxp.mcuxpresso.tools.win32_11.9.0.202307121226/tools/bin/../lib/gcc/arm-none-eabi/12.3.1/../../../../arm-none-eabi/lib/thumb/v7e-m+fp/hard\libcr_c.a(fclose.o)
                0x0000a0bc                fclose
 .text.remove   0x0000a114       0x14 c:/nxp/mcuxpressoide_11.9.0_2144/ide/plugins/com.nxp.mcuxpresso.tools.win32_11.9.0.202307121226/tools/bin/../lib/gcc/arm-none-eabi/12.3.1/../../../../arm-none-eabi/lib/thumb/v7e-m+fp/hard\libcr_c.a(remove.o)
                0x0000a114                remove
 .text._do_fflush
                0x0000a128       0x40 c:/nxp/mcuxpressoide_11.9.0_2144/ide/plugins/com.nxp.mcuxpresso.tools.win32_11.9.0.202307121226/tools/bin/../lib/gcc/arm-none-eabi/12.3.1/../../../../arm-none-eabi/lib/thumb/v7e-m+fp/hard\libcr_c.a(_do_fflush.o)
                0x0000a128                _do_fflush
 .text.__aeabi_division_uldivmod
                0x0000a168      0x174 c:/nxp/mcuxpressoide_11.9.0_2144/ide/plugins/com.nxp.mcuxpresso.tools.win32_11.9.0.202307121226/tools/bin/../lib/gcc/arm-none-eabi/12.3.1/thumb/v7e-m+fp/hard\libcr_eabihelpers.a(division_64.o)
                0x0000a168                __aeabi_uldivmod
                0x0000a16c                __bhs_ldivmod1
 .text.__aeabi_division_idiv0
                0x0000a2dc        0x2 c:/nxp/mcuxpressoide_11.9.0_2144/ide/plugins/com.nxp.mcuxpresso.tools.win32_11.9.0.202307121226/tools/bin/../lib/gcc/arm-none-eabi/12.3.1/thumb/v7e-m+fp/hard\libcr_eabihelpers.a(division_idiv0.o)
                0x0000a2dc                __aeabi_idiv0
 .text.__aeabi_memcpy
                0x0000a2de       0x34 c:/nxp/mcuxpressoide_11.9.0_2144/ide/plugins/com.nxp.mcuxpresso.tools.win32_11.9.0.202307121226/tools/bin/../lib/gcc/arm-none-eabi/12.3.1/thumb/v7e-m+fp/hard\libcr_eabihelpers.a(memcpy.o)
                0x0000a2de                __aeabi_memcpy
                0x0000a2e8                __aeabi_memcpy8
                0x0000a2e8                __aeabi_memcpy4
 .text.__aeabi_memset_lowlevel
                0x0000a312       0x32 c:/nxp/mcuxpressoide_11.9.0_2144/ide/plugins/com.nxp.mcuxpresso.tools.win32_11.9.0.202307121226/tools/bin/../lib/gcc/arm-none-eabi/12.3.1/thumb/v7e-m+fp/hard\libcr_eabihelpers.a(memcpy.o)
                0x0000a312                __aeabi_lowlevel_memset
 .text.__sys_close
                0x0000a344        0x6 c:/nxp/mcuxpressoide_11.9.0_2144/ide/plugins/com.nxp.mcuxpresso.tools.win32_11.9.0.202307121226/tools/bin/../lib/gcc/arm-none-eabi/12.3.1/../../../../arm-none-eabi/lib/thumb/v7e-m+fp/hard\libcr_nohost_nf.a(__sys_close.o)
                0x0000a344                __sys_close
 .text.__sys_flen
                0x0000a34a        0x6 c:/nxp/mcuxpressoide_11.9.0_2144/ide/plugins/com.nxp.mcuxpresso.tools.win32_11.9.0.202307121226/tools/bin/../lib/gcc/arm-none-eabi/12.3.1/../../../../arm-none-eabi/lib/thumb/v7e-m+fp/hard\libcr_nohost_nf.a(__sys_flen.o)
                0x0000a34a                __sys_flen
 .text.__sys_istty
                0x0000a350        0x6 c:/nxp/mcuxpressoide_11.9.0_2144/ide/plugins/com.nxp.mcuxpresso.tools.win32_11.9.0.202307121226/tools/bin/../lib/gcc/arm-none-eabi/12.3.1/../../../../arm-none-eabi/lib/thumb/v7e-m+fp/hard\libcr_nohost_nf.a(__sys_istty.o)
                0x0000a350                __sys_istty
 .text.__sys_remove
                0x0000a356        0x6 c:/nxp/mcuxpressoide_11.9.0_2144/ide/plugins/com.nxp.mcuxpresso.tools.win32_11.9.0.202307121226/tools/bin/../lib/gcc/arm-none-eabi/12.3.1/../../../../arm-none-eabi/lib/thumb/v7e-m+fp/hard\libcr_nohost_nf.a(__sys_remove.o)
                0x0000a356                __sys_remove
 .text.__sys_seek
                0x0000a35c        0x6 c:/nxp/mcuxpressoide_11.9.0_2144/ide/plugins/com.nxp.mcuxpresso.tools.win32_11.9.0.202307121226/tools/bin/../lib/gcc/arm-none-eabi/12.3.1/../../../../arm-none-eabi/lib/thumb/v7e-m+fp/hard\libcr_nohost_nf.a(__sys_seek.o)
                0x0000a35c                __sys_seek
 .text.__sys_tmpnam
                0x0000a362        0x6 c:/nxp/mcuxpressoide_11.9.0_2144/ide/plugins/com.nxp.mcuxpresso.tools.win32_11.9.0.202307121226/tools/bin/../lib/gcc/arm-none-eabi/12.3.1/../../../../arm-none-eabi/lib/thumb/v7e-m+fp/hard\libcr_nohost_nf.a(__sys_tmpnam.o)
                0x0000a362                __sys_tmpnam
 .text.__sys_write
                0x0000a368        0x4 c:/nxp/mcuxpressoide_11.9.0_2144/ide/plugins/com.nxp.mcuxpresso.tools.win32_11.9.0.202307121226/tools/bin/../lib/gcc/arm-none-eabi/12.3.1/../../../../arm-none-eabi/lib/thumb/v7e-m+fp/hard\libcr_nohost_nf.a(__sys_write.o)
                0x0000a368                __sys_write
 *freertos*/tasks.o(SORT_BY_ALIGNMENT(.rodata*))
 .rodata.vTaskStartScheduler.str1.4
                0x0000a36c        0x5 ./freertos/freertos_kernel/tasks.o
 *fill*         0x0000a371        0x3 ff
 .rodata.vTaskList.str1.4
                0x0000a374        0xf ./freertos/freertos_kernel/tasks.o
 *fill*         0x0000a383        0x1 ff
 .rodata        0x0000a384       0x1c ./freertos/freertos_kernel/tasks.o
                0x0000a384                portArch_Name
                0x0000a388                FreeRTOSDebugConfig
 *(SORT_BY_ALIGNMENT(.rodata) SORT_BY_ALIGNMENT(.rodata.*) SORT_BY_ALIGNMENT(.constdata) SORT_BY_ALIGNMENT(.constdata.*))
 .rodata.__assertion_failed.str1.4
                0x0000a3a0       0x14 ./utilities/fsl_assert.o
 .rodata.s_UsbDeviceStandardRequest
                0x0000a3b4       0x34 ./usb/device/source/usb_device_ch9.o
 .rodata.s_UsbDeviceEhciInterface
                0x0000a3e8       0x18 ./usb/device/source/usb_device_dci.o
 .rodata.s_UsbDeviceClassInterfaceMap
                0x0000a400       0x20 ./usb/device/class/usb_device_class.o
 .rodata.PORT_SetPinConfig.str1.4
                0x0000a420       0x5f ./source/GPIO.o
 *fill*         0x0000a47f        0x1 ff
 .rodata        0x0000a480        0x2 ./source/GPIO.o
 *fill*         0x0000a482        0x2 ff
 .rodata        0x0000a484        0x3 ./source/mouse.o
 *fill*         0x0000a487        0x1 ff
 .rodata.USB_DeviceApplicationInit.str1.4
                0x0000a488       0x38 ./source/mouse.o
 .rodata.main.str1.4
                0x0000a4c0       0x26 ./source/mouse.o
 *fill*         0x0000a4e6        0x2 ff
 .rodata.xTimerCreateTimerTask.str1.4
                0x0000a4e8        0x8 ./freertos/freertos_kernel/timers.o
 .rodata.prvCheckForValidListAndQueue.str1.4
                0x0000a4f0        0x5 ./freertos/freertos_kernel/timers.o
 *fill*         0x0000a4f5        0x3 ff
 .rodata.CLOCK_GetMcgExtClkFreq.str1.4
                0x0000a4f8       0x49 ./drivers/fsl_clock.o
 *fill*         0x0000a541        0x3 ff
 .rodata.CLOCK_EnableUsbhs0PhyPllClock.str1.4
                0x0000a544       0x99 ./drivers/fsl_clock.o
 *fill*         0x0000a5dd        0x3 ff
 .rodata.CLOCK_GetPll0Freq.str1.4
                0x0000a5e0       0x1d ./drivers/fsl_clock.o
 *fill*         0x0000a5fd        0x3 ff
 .rodata.CLOCK_EnablePll0.str1.4
                0x0000a600       0x1a ./drivers/fsl_clock.o
 *fill*         0x0000a61a        0x2 ff
 .rodata.CLOCK_SetPbeMode.str1.4
                0x0000a61c       0x1a ./drivers/fsl_clock.o
 *fill*         0x0000a636        0x2 ff
 .rodata.CLOCK_BootToPeeMode.str1.4
                0x0000a638       0x1a ./drivers/fsl_clock.o
 *fill*         0x0000a652        0x2 ff
 .rodata.fllFactorTable.1
                0x0000a654       0x10 ./drivers/fsl_clock.o
 .rodata.SDK_DelayAtLeastUs.str1.4
                0x0000a664       0x2b ./drivers/fsl_common_arm.o
 *fill*         0x0000a68f        0x1 ff
 .rodata.s_portBases
                0x0000a690       0x14 ./drivers/fsl_gpio.o
 .rodata.s_gpioBases
                0x0000a6a4       0x14 ./drivers/fsl_gpio.o
 .rodata.GPIO_GetInstance.str1.4
                0x0000a6b8       0x33 ./drivers/fsl_gpio.o
 *fill*         0x0000a6eb        0x1 ff
 .rodata.GPIO_PinInit.str1.4
                0x0000a6ec       0x20 ./drivers/fsl_gpio.o
 .rodata.s_uartBases
                0x0000a70c       0x14 ./drivers/fsl_uart.o
 .rodata.s_uartClock
                0x0000a720       0x14 ./drivers/fsl_uart.o
 .rodata.UART_GetInstance.str1.4
                0x0000a734       0x2b ./drivers/fsl_uart.o
 *fill*         0x0000a75f        0x1 ff
 .rodata.UART_Init.str1.4
                0x0000a760       0xfb ./drivers/fsl_uart.o
 *fill*         0x0000a85b        0x1 ff
 .rodata.UART_GetDefaultConfig.str1.4
                0x0000a85c       0x20 ./drivers/fsl_uart.o
 .rodata.s_UartAdapterBase
                0x0000a87c       0x14 ./component/uart/fsl_adapter_uart.o
 .rodata.HAL_UartInit.str1.4
                0x0000a890       0xdd ./component/uart/fsl_adapter_uart.o
 *fill*         0x0000a96d        0x3 ff
 .rodata.HAL_UartSendBlocking.str1.4
                0x0000a970       0x60 ./component/uart/fsl_adapter_uart.o
 .rodata.mcgConfig_BOARD_BootClockRUN
                0x0000a9d0        0xc ./board/clock_config.o
                0x0000a9d0                mcgConfig_BOARD_BootClockRUN
 .rodata.simConfig_BOARD_BootClockRUN
                0x0000a9dc        0x8 ./board/clock_config.o
                0x0000a9dc                simConfig_BOARD_BootClockRUN
 .rodata.oscConfig_BOARD_BootClockRUN
                0x0000a9e4        0x8 ./board/clock_config.o
                0x0000a9e4                oscConfig_BOARD_BootClockRUN
 .rodata.__num_Ciob_streams
                0x0000a9ec        0x4 c:/nxp/mcuxpressoide_11.9.0_2144/ide/plugins/com.nxp.mcuxpresso.tools.win32_11.9.0.202307121226/tools/bin/../lib/gcc/arm-none-eabi/12.3.1/../../../../arm-none-eabi/lib/thumb/v7e-m+fp/hard\libcr_nohost_nf.a(__ciob.o)
                0x0000a9ec                __num_Ciob_streams
 .rodata._initio.str1.1
                0x0000a9f0        0x4 c:/nxp/mcuxpressoide_11.9.0_2144/ide/plugins/com.nxp.mcuxpresso.tools.win32_11.9.0.202307121226/tools/bin/../lib/gcc/arm-none-eabi/12.3.1/../../../../arm-none-eabi/lib/thumb/v7e-m+fp/hard\libcr_c.a(initio.o)
                0x0000a9f8                        . = ALIGN (0x8)
 *fill*         0x0000a9f4        0x4 ff

.glue_7         0x0000a9f8        0x0
 .glue_7        0x0000a9f8        0x0 linker stubs

.glue_7t        0x0000a9f8        0x0
 .glue_7t       0x0000a9f8        0x0 linker stubs

.vfp11_veneer   0x0000a9f8        0x0
 .vfp11_veneer  0x0000a9f8        0x0 linker stubs

.v4_bx          0x0000a9f8        0x0
 .v4_bx         0x0000a9f8        0x0 linker stubs

.iplt           0x0000a9f8        0x0
 .iplt          0x0000a9f8        0x0 ./utilities/fsl_assert.o

.rel.dyn        0x0000a9f8        0x0
 .rel.iplt      0x0000a9f8        0x0 ./utilities/fsl_assert.o

.ARM.extab
 *(SORT_BY_ALIGNMENT(.ARM.extab*) SORT_BY_ALIGNMENT(.gnu.linkonce.armextab.*))

.ARM.exidx      0x0000a9f8        0x0
                0x0000a9f8                        __exidx_start = .
 *(SORT_BY_ALIGNMENT(.ARM.exidx*) SORT_BY_ALIGNMENT(.gnu.linkonce.armexidx.*))
                0x0000a9f8                        __exidx_end = .
                0x0000a9f8                        _etext = .

.m_usb_data
 *(SORT_BY_ALIGNMENT(m_usb_bdt))

.data_RAM2      0x1fff0000        0x0 load address 0x0000a9f8
 FILL mask 0xff
                [!provide]                        PROVIDE (__start_data_RAM2 = .)
                [!provide]                        PROVIDE (__start_data_SRAM_LOWER = .)
 *(SORT_BY_ALIGNMENT(.ramfunc.$RAM2))
 *(SORT_BY_ALIGNMENT(.ramfunc.$SRAM_LOWER))
 *(SORT_BY_ALIGNMENT(.data.$RAM2))
 *(SORT_BY_ALIGNMENT(.data.$SRAM_LOWER))
 *(SORT_BY_ALIGNMENT(.data.$RAM2.*))
 *(SORT_BY_ALIGNMENT(.data.$SRAM_LOWER.*))
                0x1fff0000                        . = ALIGN (0x8)
                [!provide]                        PROVIDE (__end_data_RAM2 = .)
                [!provide]                        PROVIDE (__end_data_SRAM_LOWER = .)

.data_RAM3      0x14000000        0x0 load address 0x0000a9f8
 FILL mask 0xff
                [!provide]                        PROVIDE (__start_data_RAM3 = .)
                [!provide]                        PROVIDE (__start_data_FLEX_RAM = .)
 *(SORT_BY_ALIGNMENT(.ramfunc.$RAM3))
 *(SORT_BY_ALIGNMENT(.ramfunc.$FLEX_RAM))
 *(SORT_BY_ALIGNMENT(.data.$RAM3))
 *(SORT_BY_ALIGNMENT(.data.$FLEX_RAM))
 *(SORT_BY_ALIGNMENT(.data.$RAM3.*))
 *(SORT_BY_ALIGNMENT(.data.$FLEX_RAM.*))
                0x14000000                        . = ALIGN (0x8)
                [!provide]                        PROVIDE (__end_data_RAM3 = .)
                [!provide]                        PROVIDE (__end_data_FLEX_RAM = .)

.uninit_RESERVED
                0x20000000        0x0
                0x20000000                        _start_uninit_RESERVED = .
 *(SORT_BY_ALIGNMENT(.bss.$RESERVED*))
                0x20000000                        . = ALIGN (0x8)
                0x20000000                        _end_uninit_RESERVED = .

.data           0x20000000      0x150 load address 0x0000a9f8
 FILL mask 0xff
                0x20000000                        _data = .
                [!provide]                        PROVIDE (__start_data_RAM = .)
                [!provide]                        PROVIDE (__start_data_SRAM_UPPER = .)
 *(SORT_BY_ALIGNMENT(vtable))
 *(SORT_BY_ALIGNMENT(.ramfunc*))
 *(SORT_BY_ALIGNMENT(CodeQuickAccess))
 *(SORT_BY_ALIGNMENT(DataQuickAccess))
 *(SORT_BY_ALIGNMENT(RamFunction))
 *(SORT_BY_ALIGNMENT(.data*))
 .data.g_UsbDeviceHidConfig
                0x20000000        0xc ./source/mouse.o
                0x20000000                g_UsbDeviceHidConfig
 .data.g_UsbDeviceHidConfigList
                0x2000000c        0xc ./source/mouse.o
                0x2000000c                g_UsbDeviceHidConfigList
 .data.g_UsbDeviceHidMouseEndpoints
                0x20000018        0x6 ./source/usb_device_descriptor.o
                0x20000018                g_UsbDeviceHidMouseEndpoints
 *fill*         0x2000001e        0x2 ff
 .data.g_UsbDeviceHidMouseInterface
                0x20000020       0x10 ./source/usb_device_descriptor.o
                0x20000020                g_UsbDeviceHidMouseInterface
 .data.g_UsbDeviceHidMouseInterfaces
                0x20000030        0xc ./source/usb_device_descriptor.o
                0x20000030                g_UsbDeviceHidMouseInterfaces
 .data.g_UsbDeviceHidMouseInterfaceList
                0x2000003c        0x8 ./source/usb_device_descriptor.o
                0x2000003c                g_UsbDeviceHidMouseInterfaceList
 .data.g_UsbDeviceHidMouseConfig
                0x20000044        0x8 ./source/usb_device_descriptor.o
                0x20000044                g_UsbDeviceHidMouseConfig
 .data.g_UsbDeviceDescriptor
                0x2000004c       0x12 ./source/usb_device_descriptor.o
                0x2000004c                g_UsbDeviceDescriptor
 *fill*         0x2000005e        0x2 ff
 .data.g_UsbDeviceHidMouseReportDescriptor
                0x20000060       0x34 ./source/usb_device_descriptor.o
                0x20000060                g_UsbDeviceHidMouseReportDescriptor
 .data.g_UsbDeviceConfigurationDescriptor
                0x20000094       0x22 ./source/usb_device_descriptor.o
                0x20000094                g_UsbDeviceConfigurationDescriptor
 *fill*         0x200000b6        0x2 ff
 .data.g_UsbDeviceString0
                0x200000b8        0x4 ./source/usb_device_descriptor.o
                0x200000b8                g_UsbDeviceString0
 .data.g_UsbDeviceString1
                0x200000bc       0x26 ./source/usb_device_descriptor.o
                0x200000bc                g_UsbDeviceString1
 *fill*         0x200000e2        0x2 ff
 .data.g_UsbDeviceString2
                0x200000e4       0x22 ./source/usb_device_descriptor.o
                0x200000e4                g_UsbDeviceString2
 *fill*         0x20000106        0x2 ff
 .data.g_UsbDeviceStringDescriptorLength
                0x20000108        0xc ./source/usb_device_descriptor.o
                0x20000108                g_UsbDeviceStringDescriptorLength
 .data.g_UsbDeviceStringDescriptorArray
                0x20000114        0xc ./source/usb_device_descriptor.o
                0x20000114                g_UsbDeviceStringDescriptorArray
 .data.g_UsbDeviceLanguage
                0x20000120        0xc ./source/usb_device_descriptor.o
                0x20000120                g_UsbDeviceLanguage
 .data.g_UsbDeviceLanguageList
                0x2000012c       0x10 ./source/usb_device_descriptor.o
                0x2000012c                g_UsbDeviceLanguageList
 .data.uxCriticalNesting
                0x2000013c        0x4 ./freertos/freertos_kernel/portable/GCC/ARM_CM4F/port.o
 .data.uxTopUsedPriority
                0x20000140        0x4 ./freertos/freertos_kernel/tasks.o
                0x20000140                uxTopUsedPriority
 .data.s_slowIrcFreq
                0x20000144        0x4 ./drivers/fsl_clock.o
 .data.s_fastIrcFreq
                0x20000148        0x4 ./drivers/fsl_clock.o
 .data.SystemCoreClock
                0x2000014c        0x4 ./device/system_MK66F18.o
                0x2000014c                SystemCoreClock
                0x20000150                        . = ALIGN (0x8)
                0x20000150                        _edata = .
                [!provide]                        PROVIDE (__end_data_RAM = .)
                [!provide]                        PROVIDE (__end_data_SRAM_UPPER = .)

.igot.plt       0x20000150        0x0 load address 0x0000ab48
 .igot.plt      0x20000150        0x0 ./utilities/fsl_assert.o

.bss_RAM2       0x1fff0000        0x0
                [!provide]                        PROVIDE (__start_bss_RAM2 = .)
                [!provide]                        PROVIDE (__start_bss_SRAM_LOWER = .)
 *(SORT_BY_ALIGNMENT(.bss.$RAM2))
 *(SORT_BY_ALIGNMENT(.bss.$SRAM_LOWER))
 *(SORT_BY_ALIGNMENT(.bss.$RAM2.*))
 *(SORT_BY_ALIGNMENT(.bss.$SRAM_LOWER.*))
                0x1fff0000                        . = ALIGN ((. != 0x0)?0x8:0x1)
                [!provide]                        PROVIDE (__end_bss_RAM2 = .)
                [!provide]                        PROVIDE (__end_bss_SRAM_LOWER = .)

.bss_RAM3       0x14000000        0x0
                [!provide]                        PROVIDE (__start_bss_RAM3 = .)
                [!provide]                        PROVIDE (__start_bss_FLEX_RAM = .)
 *(SORT_BY_ALIGNMENT(.bss.$RAM3))
 *(SORT_BY_ALIGNMENT(.bss.$FLEX_RAM))
 *(SORT_BY_ALIGNMENT(.bss.$RAM3.*))
 *(SORT_BY_ALIGNMENT(.bss.$FLEX_RAM.*))
                0x14000000                        . = ALIGN ((. != 0x0)?0x8:0x1)
                [!provide]                        PROVIDE (__end_bss_RAM3 = .)
                [!provide]                        PROVIDE (__end_bss_FLEX_RAM = .)

.bss            0x20000800     0x24e0
                0x20000800                        _bss = .
                [!provide]                        PROVIDE (__start_bss_RAM = .)
                [!provide]                        PROVIDE (__start_bss_SRAM_UPPER = .)
 *(SORT_BY_ALIGNMENT(.bss*))
 .bss.qh_buffer
                0x20000800      0x400 ./usb/device/source/ehci/usb_device_ehci.o
 .bss.s_UsbDeviceEhciDtd
                0x20000c00      0x200 ./usb/device/source/ehci/usb_device_ehci.o
 .bss.s_debugConsoleState
                0x20000e00       0x20 ./utilities/fsl_debug_console.o
 .bss.g_serialHandle
                0x20000e20        0x4 ./utilities/fsl_debug_console.o
                0x20000e20                g_serialHandle
 .bss.g_UsbDeviceEhciState
                0x20000e24       0x5c ./usb/device/source/ehci/usb_device_ehci.o
 .bss.g_UsbDeviceEhciStateStatus
                0x20000e80        0x1 ./usb/device/source/ehci/usb_device_ehci.o
 *fill*         0x20000e81        0x3 
 .bss.s_UsbDevice
                0x20000e84       0x70 ./usb/device/source/usb_device_dci.o
 .bss.s_UsbDeviceHidHandle
                0x20000ef4       0x28 ./usb/device/class/hid/usb_device_hid.o
 .bss.s_UsbDeviceCommonClassStruct
                0x20000f1c       0x10 ./usb/device/class/usb_device_class.o
 .bss.s_UsbDeviceSetupBuffer
                0x20000f2c        0x8 ./usb/device/class/usb_device_class.o
 .bss.gpio_D_callback
                0x20000f34        0x4 ./source/GPIO.o
 .bss.gpio_A_callback
                0x20000f38        0x4 ./source/GPIO.o
 .bss.g_flag_SW2
                0x20000f3c        0x4 ./source/mouse.o
                0x20000f3c                g_flag_SW2
 .bss.g_flag_SW3
                0x20000f40        0x4 ./source/mouse.o
                0x20000f40                g_flag_SW3
 .bss.appTaskTcb
                0x20000f44       0x6c ./source/mouse.o
 .bss.appTaskStack
                0x20000fb0     0x1388 ./source/mouse.o
 .bss.timerTaskTcbBuffer
                0x20002338       0x6c ./source/mouse.o
 .bss.timerStack
                0x200023a4      0x2d0 ./source/mouse.o
 .bss.idleTaskTcbBuffer
                0x20002674       0x6c ./source/mouse.o
 .bss.idleStack
                0x200026e0      0x168 ./source/mouse.o
 .bss.s_MouseBuffer
                0x20002848        0x4 ./source/mouse.o
 .bss.g_UsbDeviceHidMouse
                0x2000284c       0x18 ./source/mouse.o
                0x2000284c                g_UsbDeviceHidMouse
 .bss.xStart    0x20002864        0x8 ./freertos/freertos_kernel/portable/MemMang/heap_4.o
 .bss.pxEnd     0x2000286c        0x4 ./freertos/freertos_kernel/portable/MemMang/heap_4.o
 .bss.xFreeBytesRemaining
                0x20002870        0x4 ./freertos/freertos_kernel/portable/MemMang/heap_4.o
 .bss.xNumberOfSuccessfulFrees
                0x20002874        0x4 ./freertos/freertos_kernel/portable/MemMang/heap_4.o
 .bss.xBlockAllocatedBit
                0x20002878        0x4 ./freertos/freertos_kernel/portable/MemMang/heap_4.o
 .bss.ulMaxPRIGROUPValue
                0x2000287c        0x4 ./freertos/freertos_kernel/portable/GCC/ARM_CM4F/port.o
 .bss.xQueueRegistry
                0x20002880       0x40 ./freertos/freertos_kernel/queue.o
                0x20002880                xQueueRegistry
 .bss.pxCurrentTCB
                0x200028c0        0x4 ./freertos/freertos_kernel/tasks.o
                0x200028c0                pxCurrentTCB
 .bss.pxReadyTasksLists
                0x200028c4      0x168 ./freertos/freertos_kernel/tasks.o
 .bss.xDelayedTaskList1
                0x20002a2c       0x14 ./freertos/freertos_kernel/tasks.o
 .bss.xDelayedTaskList2
                0x20002a40       0x14 ./freertos/freertos_kernel/tasks.o
 .bss.pxDelayedTaskList
                0x20002a54        0x4 ./freertos/freertos_kernel/tasks.o
 .bss.pxOverflowDelayedTaskList
                0x20002a58        0x4 ./freertos/freertos_kernel/tasks.o
 .bss.xPendingReadyList
                0x20002a5c       0x14 ./freertos/freertos_kernel/tasks.o
 .bss.xTasksWaitingTermination
                0x20002a70       0x14 ./freertos/freertos_kernel/tasks.o
 .bss.uxDeletedTasksWaitingCleanUp
                0x20002a84        0x4 ./freertos/freertos_kernel/tasks.o
 .bss.xSuspendedTaskList
                0x20002a88       0x14 ./freertos/freertos_kernel/tasks.o
 .bss.uxCurrentNumberOfTasks
                0x20002a9c        0x4 ./freertos/freertos_kernel/tasks.o
 .bss.xTickCount
                0x20002aa0        0x4 ./freertos/freertos_kernel/tasks.o
 .bss.uxTopReadyPriority
                0x20002aa4        0x4 ./freertos/freertos_kernel/tasks.o
 .bss.xSchedulerRunning
                0x20002aa8        0x4 ./freertos/freertos_kernel/tasks.o
 .bss.xPendedTicks
                0x20002aac        0x4 ./freertos/freertos_kernel/tasks.o
 .bss.xYieldPending
                0x20002ab0        0x4 ./freertos/freertos_kernel/tasks.o
 .bss.xNumOfOverflows
                0x20002ab4        0x4 ./freertos/freertos_kernel/tasks.o
 .bss.uxTaskNumber
                0x20002ab8        0x4 ./freertos/freertos_kernel/tasks.o
 .bss.xNextTaskUnblockTime
                0x20002abc        0x4 ./freertos/freertos_kernel/tasks.o
 .bss.xIdleTaskHandle
                0x20002ac0        0x4 ./freertos/freertos_kernel/tasks.o
 .bss.uxSchedulerSuspended
                0x20002ac4        0x4 ./freertos/freertos_kernel/tasks.o
 .bss.xActiveTimerList1
                0x20002ac8       0x14 ./freertos/freertos_kernel/timers.o
 .bss.xActiveTimerList2
                0x20002adc       0x14 ./freertos/freertos_kernel/timers.o
 .bss.pxCurrentTimerList
                0x20002af0        0x4 ./freertos/freertos_kernel/timers.o
 .bss.pxOverflowTimerList
                0x20002af4        0x4 ./freertos/freertos_kernel/timers.o
 .bss.xTimerQueue
                0x20002af8        0x4 ./freertos/freertos_kernel/timers.o
 .bss.xTimerTaskHandle
                0x20002afc        0x4 ./freertos/freertos_kernel/timers.o
 .bss.xLastTime.2
                0x20002b00        0x4 ./freertos/freertos_kernel/timers.o
 .bss.ucStaticTimerQueueStorage.1
                0x20002b04       0xa0 ./freertos/freertos_kernel/timers.o
 .bss.xStaticTimerQueue.0
                0x20002ba4       0x50 ./freertos/freertos_kernel/timers.o
 .bss.s_extPllFreq
                0x20002bf4        0x4 ./drivers/fsl_clock.o
 .bss.g_xtal0Freq
                0x20002bf8        0x4 ./drivers/fsl_clock.o
                0x20002bf8                g_xtal0Freq
 .bss.g_xtal32Freq
                0x20002bfc        0x4 ./drivers/fsl_clock.o
                0x20002bfc                g_xtal32Freq
 .bss.s_lpuartHandle
                0x20002c00        0x4 ./drivers/fsl_lpuart.o
                0x20002c00                s_lpuartHandle
 .bss.s_lpuartIsr
                0x20002c04        0x4 ./drivers/fsl_lpuart.o
                0x20002c04                s_lpuartIsr
 .bss.s_uartHandle
                0x20002c08       0x14 ./drivers/fsl_uart.o
                0x20002c08                s_uartHandle
 .bss.s_uartIsr
                0x20002c1c        0x4 ./drivers/fsl_uart.o
                0x20002c1c                s_uartIsr
 .bss.errno     0x20002c20        0x4 c:/nxp/mcuxpressoide_11.9.0_2144/ide/plugins/com.nxp.mcuxpresso.tools.win32_11.9.0.202307121226/tools/bin/../lib/gcc/arm-none-eabi/12.3.1/../../../../arm-none-eabi/lib/thumb/v7e-m+fp/hard\libcr_c.a(errno.o)
                0x20002c20                errno
 .bss.__Ciob    0x20002c24       0xb4 c:/nxp/mcuxpressoide_11.9.0_2144/ide/plugins/com.nxp.mcuxpresso.tools.win32_11.9.0.202307121226/tools/bin/../lib/gcc/arm-none-eabi/12.3.1/../../../../arm-none-eabi/lib/thumb/v7e-m+fp/hard\libcr_nohost_nf.a(__ciob.o)
                0x20002c24                __Ciob
 .bss.s_debugConsoleReadWaitSemaphore
                0x20002cd8        0x1 ./utilities/fsl_debug_console.o
 .bss.dir.2     0x20002cd9        0x1 ./source/mouse.o
 .bss.x.1       0x20002cda        0x1 ./source/mouse.o
 .bss.y.0       0x20002cdb        0x1 ./source/mouse.o
 .bss.ucMaxSysCallPriority
                0x20002cdc        0x1 ./freertos/freertos_kernel/portable/GCC/ARM_CM4F/port.o