C:\MCUXpresso\K66_Workspace\P3v2_dev_hid_mouse_freertos_static\drivers/fsl_clock.h:725:20:CLOCK_EnableClock	24	static
C:\MCUXpresso\K66_Workspace\P3v2_dev_hid_mouse_freertos_static\drivers/fsl_port.h:271:20:PORT_SetPinConfig	32	static
C:\MCUXpresso\K66_Workspace\P3v2_dev_hid_mouse_freertos_static\drivers/fsl_port.h:374:20:PORT_SetPinMux	24	static
C:\MCUXpresso\K66_Workspace\P3v2_dev_hid_mouse_freertos_static\drivers/fsl_port.h:443:20:PORT_SetPinInterruptConfig	24	static
../source/GPIO.c:28:6:GPIO_init	24	static
../source/GPIO.c:89:6:PORTA_IRQHandler	8	static
../source/GPIO.c:99:6:PORTD_IRQHandler	8	static
../source/GPIO.c:109:6:GPIO_callback_init	16	static
../source/GPIO.c:123:6:GPIO_clear_irq_status	16	static
../source/GPIO.c:138:9:GPIO_get_irq_status	24	static
