C:\MCUXpresso\K66_Workspace\P3v2_dev_hid_mouse_freertos_static\CMSIS/core_cm4.h:1679:22:__NVIC_EnableIRQ	16	static
C:\MCUXpresso\K66_Workspace\P3v2_dev_hid_mouse_freertos_static\CMSIS/core_cm4.h:1809:22:__NVIC_SetPriority	16	static
C:\MCUXpresso\K66_Workspace\P3v2_dev_hid_mouse_freertos_static\drivers/fsl_clock.h:1045:20:CLOCK_SetSimSafeDivs	4	static
C:\MCUXpresso\K66_Workspace\P3v2_dev_hid_mouse_freertos_static\drivers/fsl_common_arm.h:499:24:EnableIRQ	24	static
C:\MCUXpresso\K66_Workspace\P3v2_dev_hid_mouse_freertos_static\drivers/fsl_sysmpu.h:268:20:SYSMPU_Enable	16	static
../source/mouse.c:88:6:vApplicationGetTimerTaskMemory	24	static
../source/mouse.c:102:6:vApplicationGetIdleTaskMemory	24	static
../source/mouse.c:136:6:USBHS_IRQHandler	8	static
../source/mouse.c:153:6:USB_DeviceClockInit	16	static
../source/mouse.c:185:6:USB_DeviceIsrEnable	16	static
../source/mouse.c:213:21:USB_DeviceHidMouseAction	8	static
../source/mouse.c:288:21:USB_DeviceHidMouseCallback	32	static
../source/mouse.c:325:21:USB_DeviceCallback	40	static
../source/mouse.c:490:13:USB_DeviceApplicationInit	8	static
../source/mouse.c:536:6:APP_task	16	static
../source/mouse.c:570:5:main	24	static
../source/mouse.c:623:6:Callback_SW2	4	static
../source/mouse.c:628:6:Callback_SW3	4	static
